[0.017s] Invoking command in '/home/sunrise/robot/hobot_stereonet/ros2_h265_stereonet/build/ros2_h265_stereonet': CMAKE_PREFIX_PATH=${CMAKE_PREFIX_PATH}:/opt/ros/humble /usr/bin/cmake /home/sunrise/robot/hobot_stereonet/ros2_h265_stereonet -DPLATFORM_S100=ON -DCMAKE_INSTALL_PREFIX=/home/sunrise/robot/hobot_stereonet/ros2_h265_stereonet/install/ros2_h265_stereonet
[0.030s] -- ros2_h265_stereonet build platform S100
[0.030s] -- Found ament_cmake: 1.3.12 (/opt/ros/humble/share/ament_cmake/cmake)
[0.228s] -- Found rclcpp: 16.0.17 (/opt/ros/humble/share/rclcpp/cmake)
[0.263s] -- Found rosidl_generator_c: 3.1.8 (/opt/ros/humble/share/rosidl_generator_c/cmake)
[0.266s] -- Found rosidl_adapter: 3.1.8 (/opt/ros/humble/share/rosidl_adapter/cmake)
[0.274s] -- Found rosidl_generator_cpp: 3.1.8 (/opt/ros/humble/share/rosidl_generator_cpp/cmake)
[0.286s] -- Using all available rosidl_typesupport_c: rosidl_typesupport_fastrtps_c;rosidl_typesupport_introspection_c
[0.303s] -- Using all available rosidl_typesupport_cpp: rosidl_typesupport_fastrtps_cpp;rosidl_typesupport_introspection_cpp
[0.346s] -- Found rmw_implementation_cmake: 6.1.2 (/opt/ros/humble/share/rmw_implementation_cmake/cmake)
[0.348s] -- Found rmw_fastrtps_cpp: 6.2.9 (/opt/ros/humble/share/rmw_fastrtps_cpp/cmake)
[0.457s] -- Using RMW implementation 'rmw_fastrtps_cpp' as default
[0.524s] -- Found sensor_msgs: 4.9.0 (/opt/ros/humble/share/sensor_msgs/cmake)
[0.565s] -- Found foxglove_msgs: 3.2.4 (/opt/ros/humble/share/foxglove_msgs/cmake)
[0.603s] -- SYS_ROOT is 
[0.603s] -- Preferred ROS distribution: humble
[0.708s] -- Configuring done
[0.735s] -- Generating done
[0.747s] -- Build files have been written to: /home/sunrise/robot/hobot_stereonet/ros2_h265_stereonet/build/ros2_h265_stereonet
[0.758s] Invoked command in '/home/sunrise/robot/hobot_stereonet/ros2_h265_stereonet/build/ros2_h265_stereonet' returned '0': CMAKE_PREFIX_PATH=${CMAKE_PREFIX_PATH}:/opt/ros/humble /usr/bin/cmake /home/sunrise/robot/hobot_stereonet/ros2_h265_stereonet -DPLATFORM_S100=ON -DCMAKE_INSTALL_PREFIX=/home/sunrise/robot/hobot_stereonet/ros2_h265_stereonet/install/ros2_h265_stereonet
[0.760s] Invoking command in '/home/sunrise/robot/hobot_stereonet/ros2_h265_stereonet/build/ros2_h265_stereonet': CMAKE_PREFIX_PATH=${CMAKE_PREFIX_PATH}:/opt/ros/humble /usr/bin/cmake --build /home/sunrise/robot/hobot_stereonet/ros2_h265_stereonet/build/ros2_h265_stereonet -- -j6 -l6
[0.809s] [35m[1mConsolidate compiler generated dependencies of target stereo_h265_node[0m
[0.897s] [100%] Built target stereo_h265_node
[0.909s] Invoked command in '/home/sunrise/robot/hobot_stereonet/ros2_h265_stereonet/build/ros2_h265_stereonet' returned '0': CMAKE_PREFIX_PATH=${CMAKE_PREFIX_PATH}:/opt/ros/humble /usr/bin/cmake --build /home/sunrise/robot/hobot_stereonet/ros2_h265_stereonet/build/ros2_h265_stereonet -- -j6 -l6
[0.920s] Invoking command in '/home/sunrise/robot/hobot_stereonet/ros2_h265_stereonet/build/ros2_h265_stereonet': CMAKE_PREFIX_PATH=${CMAKE_PREFIX_PATH}:/opt/ros/humble /usr/bin/cmake --install /home/sunrise/robot/hobot_stereonet/ros2_h265_stereonet/build/ros2_h265_stereonet
[0.929s] -- Install configuration: "Release"
[0.929s] -- Up-to-date: /home/sunrise/robot/hobot_stereonet/ros2_h265_stereonet/install/ros2_h265_stereonet/lib/ros2_h265_stereonet/stereo_h265_node
[0.929s] -- Up-to-date: /home/sunrise/robot/hobot_stereonet/ros2_h265_stereonet/install/ros2_h265_stereonet/share/ros2_h265_stereonet/launch
[0.930s] -- Up-to-date: /home/sunrise/robot/hobot_stereonet/ros2_h265_stereonet/install/ros2_h265_stereonet/share/ros2_h265_stereonet/launch/stereo_h265.launch.py
[0.930s] -- Up-to-date: /home/sunrise/robot/hobot_stereonet/ros2_h265_stereonet/install/ros2_h265_stereonet/share/ros2_h265_stereonet/config
[0.930s] -- Up-to-date: /home/sunrise/robot/hobot_stereonet/ros2_h265_stereonet/install/ros2_h265_stereonet/share/ros2_h265_stereonet/config/vita_calib.yaml
[0.930s] -- Up-to-date: /home/sunrise/robot/hobot_stereonet/ros2_h265_stereonet/install/ros2_h265_stereonet/share/ros2_h265_stereonet/config/stereo_h265_params.yaml
[0.931s] -- Up-to-date: /home/sunrise/robot/hobot_stereonet/ros2_h265_stereonet/install/ros2_h265_stereonet/share/ament_index/resource_index/package_run_dependencies/ros2_h265_stereonet
[0.931s] -- Installing: /home/sunrise/robot/hobot_stereonet/ros2_h265_stereonet/install/ros2_h265_stereonet/share/ament_index/resource_index/parent_prefix_path/ros2_h265_stereonet
[0.931s] -- Up-to-date: /home/sunrise/robot/hobot_stereonet/ros2_h265_stereonet/install/ros2_h265_stereonet/share/ros2_h265_stereonet/environment/ament_prefix_path.sh
[0.931s] -- Installing: /home/sunrise/robot/hobot_stereonet/ros2_h265_stereonet/install/ros2_h265_stereonet/share/ros2_h265_stereonet/environment/ament_prefix_path.dsv
[0.931s] -- Up-to-date: /home/sunrise/robot/hobot_stereonet/ros2_h265_stereonet/install/ros2_h265_stereonet/share/ros2_h265_stereonet/environment/path.sh
[0.931s] -- Installing: /home/sunrise/robot/hobot_stereonet/ros2_h265_stereonet/install/ros2_h265_stereonet/share/ros2_h265_stereonet/environment/path.dsv
[0.932s] -- Up-to-date: /home/sunrise/robot/hobot_stereonet/ros2_h265_stereonet/install/ros2_h265_stereonet/share/ros2_h265_stereonet/local_setup.bash
[0.932s] -- Up-to-date: /home/sunrise/robot/hobot_stereonet/ros2_h265_stereonet/install/ros2_h265_stereonet/share/ros2_h265_stereonet/local_setup.sh
[0.932s] -- Up-to-date: /home/sunrise/robot/hobot_stereonet/ros2_h265_stereonet/install/ros2_h265_stereonet/share/ros2_h265_stereonet/local_setup.zsh
[0.932s] -- Installing: /home/sunrise/robot/hobot_stereonet/ros2_h265_stereonet/install/ros2_h265_stereonet/share/ros2_h265_stereonet/local_setup.dsv
[0.932s] -- Installing: /home/sunrise/robot/hobot_stereonet/ros2_h265_stereonet/install/ros2_h265_stereonet/share/ros2_h265_stereonet/package.dsv
[0.932s] -- Up-to-date: /home/sunrise/robot/hobot_stereonet/ros2_h265_stereonet/install/ros2_h265_stereonet/share/ament_index/resource_index/packages/ros2_h265_stereonet
[0.933s] -- Up-to-date: /home/sunrise/robot/hobot_stereonet/ros2_h265_stereonet/install/ros2_h265_stereonet/share/ros2_h265_stereonet/cmake/ros2_h265_stereonetConfig.cmake
[0.933s] -- Up-to-date: /home/sunrise/robot/hobot_stereonet/ros2_h265_stereonet/install/ros2_h265_stereonet/share/ros2_h265_stereonet/cmake/ros2_h265_stereonetConfig-version.cmake
[0.934s] -- Up-to-date: /home/sunrise/robot/hobot_stereonet/ros2_h265_stereonet/install/ros2_h265_stereonet/share/ros2_h265_stereonet/package.xml
[0.934s] Invoked command in '/home/sunrise/robot/hobot_stereonet/ros2_h265_stereonet/build/ros2_h265_stereonet' returned '0': CMAKE_PREFIX_PATH=${CMAKE_PREFIX_PATH}:/opt/ros/humble /usr/bin/cmake --install /home/sunrise/robot/hobot_stereonet/ros2_h265_stereonet/build/ros2_h265_stereonet
