[0.187s] DEBUG:colcon:Command line arguments: ['/usr/bin/colcon', 'build']
[0.187s] DEBUG:colcon:Parsed command line arguments: Namespace(log_base=None, log_level=None, verb_name='build', build_base='build', install_base='install', merge_install=False, symlink_install=False, test_result_base=None, continue_on_error=False, executor='parallel', parallel_workers=6, event_handlers=None, ignore_user_meta=False, metas=['./colcon.meta'], base_paths=['.'], packages_ignore=None, packages_ignore_regex=None, paths=None, packages_up_to=None, packages_up_to_regex=None, packages_above=None, packages_above_and_dependencies=None, packages_above_depth=None, packages_select_by_dep=None, packages_skip_by_dep=None, packages_skip_up_to=None, packages_select_build_failed=False, packages_skip_build_finished=False, packages_select_test_failures=False, packages_skip_test_passed=False, packages_select=None, packages_skip=None, packages_select_regex=None, packages_skip_regex=None, packages_start=None, packages_end=None, allow_overriding=[], cmake_args=None, cmake_target=None, cmake_target_skip_unavailable=False, cmake_clean_cache=False, cmake_clean_first=False, cmake_force_configure=False, ament_cmake_args=None, catkin_cmake_args=None, catkin_skip_building_tests=False, verb_parser=<colcon_defaults.argument_parser.defaults.DefaultArgumentsDecorator object at 0xffff82b9c370>, verb_extension=<colcon_core.verb.build.BuildVerb object at 0xffff82d0dde0>, main=<bound method BuildVerb.main of <colcon_core.verb.build.BuildVerb object at 0xffff82d0dde0>>)
[0.262s] Level 1:colcon.colcon_core.package_discovery:discover_packages(colcon_meta) check parameters
[0.262s] Level 1:colcon.colcon_core.package_discovery:discover_packages(recursive) check parameters
[0.262s] Level 1:colcon.colcon_core.package_discovery:discover_packages(ignore) check parameters
[0.263s] Level 1:colcon.colcon_core.package_discovery:discover_packages(path) check parameters
[0.263s] Level 1:colcon.colcon_core.package_discovery:discover_packages(colcon_meta) discover
[0.263s] Level 1:colcon.colcon_core.package_discovery:discover_packages(recursive) discover
[0.263s] INFO:colcon.colcon_core.package_discovery:Crawling recursively for packages in '/home/sunrise/robot/hobot_stereonet/ros2_h265_stereonet'
[0.263s] Level 1:colcon.colcon_core.package_identification:_identify(.) by extensions ['ignore', 'ignore_ament_install']
[0.264s] Level 1:colcon.colcon_core.package_identification:_identify(.) by extension 'ignore'
[0.264s] Level 1:colcon.colcon_core.package_identification:_identify(.) by extension 'ignore_ament_install'
[0.264s] Level 1:colcon.colcon_core.package_identification:_identify(.) by extensions ['colcon_pkg']
[0.264s] Level 1:colcon.colcon_core.package_identification:_identify(.) by extension 'colcon_pkg'
[0.264s] Level 1:colcon.colcon_core.package_identification:_identify(.) by extensions ['colcon_meta']
[0.264s] Level 1:colcon.colcon_core.package_identification:_identify(.) by extension 'colcon_meta'
[0.264s] Level 1:colcon.colcon_core.package_identification:_identify(.) by extensions ['ros']
[0.264s] Level 1:colcon.colcon_core.package_identification:_identify(.) by extension 'ros'
[0.294s] DEBUG:colcon.colcon_core.package_identification:Package '.' with type 'ros.ament_cmake' and name 'ros2_h265_stereonet'
[0.294s] Level 1:colcon.colcon_core.package_discovery:discover_packages(recursive) using defaults
[0.294s] Level 1:colcon.colcon_core.package_discovery:discover_packages(ignore) discover
[0.294s] Level 1:colcon.colcon_core.package_discovery:discover_packages(ignore) using defaults
[0.295s] Level 1:colcon.colcon_core.package_discovery:discover_packages(path) discover
[0.295s] Level 1:colcon.colcon_core.package_discovery:discover_packages(path) using defaults
[0.329s] Level 1:colcon.colcon_core.package_discovery:discover_packages(prefix_path) check parameters
[0.329s] Level 1:colcon.colcon_core.package_discovery:discover_packages(prefix_path) discover
[0.332s] DEBUG:colcon.colcon_installed_package_information.package_discovery:Found 2 installed packages in /home/sunrise/livox_ws/install
[0.334s] DEBUG:colcon.colcon_installed_package_information.package_discovery:Found 270 installed packages in /opt/ros/humble
[0.336s] Level 1:colcon.colcon_core.package_discovery:discover_packages(prefix_path) using defaults
[0.385s] Level 5:colcon.colcon_core.verb:set package 'ros2_h265_stereonet' build argument 'cmake_args' from command line to 'None'
[0.385s] Level 5:colcon.colcon_core.verb:set package 'ros2_h265_stereonet' build argument 'cmake_target' from command line to 'None'
[0.385s] Level 5:colcon.colcon_core.verb:set package 'ros2_h265_stereonet' build argument 'cmake_target_skip_unavailable' from command line to 'False'
[0.385s] Level 5:colcon.colcon_core.verb:set package 'ros2_h265_stereonet' build argument 'cmake_clean_cache' from command line to 'False'
[0.386s] Level 5:colcon.colcon_core.verb:set package 'ros2_h265_stereonet' build argument 'cmake_clean_first' from command line to 'False'
[0.386s] Level 5:colcon.colcon_core.verb:set package 'ros2_h265_stereonet' build argument 'cmake_force_configure' from command line to 'False'
[0.386s] Level 5:colcon.colcon_core.verb:set package 'ros2_h265_stereonet' build argument 'ament_cmake_args' from command line to 'None'
[0.386s] Level 5:colcon.colcon_core.verb:set package 'ros2_h265_stereonet' build argument 'catkin_cmake_args' from command line to 'None'
[0.386s] Level 5:colcon.colcon_core.verb:set package 'ros2_h265_stereonet' build argument 'catkin_skip_building_tests' from command line to 'False'
[0.386s] DEBUG:colcon.colcon_core.verb:Building package 'ros2_h265_stereonet' with the following arguments: {'ament_cmake_args': None, 'build_base': '/home/sunrise/robot/hobot_stereonet/ros2_h265_stereonet/build/ros2_h265_stereonet', 'catkin_cmake_args': None, 'catkin_skip_building_tests': False, 'cmake_args': None, 'cmake_clean_cache': False, 'cmake_clean_first': False, 'cmake_force_configure': False, 'cmake_target': None, 'cmake_target_skip_unavailable': False, 'install_base': '/home/sunrise/robot/hobot_stereonet/ros2_h265_stereonet/install/ros2_h265_stereonet', 'merge_install': False, 'path': '/home/sunrise/robot/hobot_stereonet/ros2_h265_stereonet', 'symlink_install': False, 'test_result_base': None}
[0.386s] INFO:colcon.colcon_core.executor:Executing jobs using 'parallel' executor
[0.388s] DEBUG:colcon.colcon_parallel_executor.executor.parallel:run_until_complete
[0.388s] INFO:colcon.colcon_ros.task.ament_cmake.build:Building ROS package in '/home/sunrise/robot/hobot_stereonet/ros2_h265_stereonet' with build type 'ament_cmake'
[0.389s] INFO:colcon.colcon_cmake.task.cmake.build:Building CMake package in '/home/sunrise/robot/hobot_stereonet/ros2_h265_stereonet'
[0.392s] INFO:colcon.colcon_core.plugin_system:Skipping extension 'colcon_core.shell.bat': Not used on non-Windows systems
[0.392s] INFO:colcon.colcon_core.shell:Skip shell extension 'powershell' for command environment: Not usable outside of PowerShell
[0.393s] DEBUG:colcon.colcon_core.shell:Skip shell extension 'dsv' for command environment
[0.404s] DEBUG:colcon.colcon_core.event_handler.log_command:Invoking command in '/home/sunrise/robot/hobot_stereonet/ros2_h265_stereonet/build/ros2_h265_stereonet': CMAKE_PREFIX_PATH=${CMAKE_PREFIX_PATH}:/opt/ros/humble /usr/bin/cmake /home/sunrise/robot/hobot_stereonet/ros2_h265_stereonet -DCMAKE_INSTALL_PREFIX=/home/sunrise/robot/hobot_stereonet/ros2_h265_stereonet/install/ros2_h265_stereonet
[1.160s] DEBUG:colcon.colcon_core.event_handler.log_command:Invoked command in '/home/sunrise/robot/hobot_stereonet/ros2_h265_stereonet/build/ros2_h265_stereonet' returned '0': CMAKE_PREFIX_PATH=${CMAKE_PREFIX_PATH}:/opt/ros/humble /usr/bin/cmake /home/sunrise/robot/hobot_stereonet/ros2_h265_stereonet -DCMAKE_INSTALL_PREFIX=/home/sunrise/robot/hobot_stereonet/ros2_h265_stereonet/install/ros2_h265_stereonet
[1.163s] DEBUG:colcon.colcon_core.event_handler.log_command:Invoking command in '/home/sunrise/robot/hobot_stereonet/ros2_h265_stereonet/build/ros2_h265_stereonet': CMAKE_PREFIX_PATH=${CMAKE_PREFIX_PATH}:/opt/ros/humble /usr/bin/cmake --build /home/sunrise/robot/hobot_stereonet/ros2_h265_stereonet/build/ros2_h265_stereonet -- -j6 -l6
[33.323s] DEBUG:colcon.colcon_core.event_handler.log_command:Invoked command in '/home/sunrise/robot/hobot_stereonet/ros2_h265_stereonet/build/ros2_h265_stereonet' returned '0': CMAKE_PREFIX_PATH=${CMAKE_PREFIX_PATH}:/opt/ros/humble /usr/bin/cmake --build /home/sunrise/robot/hobot_stereonet/ros2_h265_stereonet/build/ros2_h265_stereonet -- -j6 -l6
[33.334s] DEBUG:colcon.colcon_core.event_handler.log_command:Invoking command in '/home/sunrise/robot/hobot_stereonet/ros2_h265_stereonet/build/ros2_h265_stereonet': CMAKE_PREFIX_PATH=${CMAKE_PREFIX_PATH}:/opt/ros/humble /usr/bin/cmake --install /home/sunrise/robot/hobot_stereonet/ros2_h265_stereonet/build/ros2_h265_stereonet
[33.348s] Level 1:colcon.colcon_core.environment:create_environment_scripts_only(ros2_h265_stereonet)
[33.352s] DEBUG:colcon.colcon_core.event_handler.log_command:Invoked command in '/home/sunrise/robot/hobot_stereonet/ros2_h265_stereonet/build/ros2_h265_stereonet' returned '0': CMAKE_PREFIX_PATH=${CMAKE_PREFIX_PATH}:/opt/ros/humble /usr/bin/cmake --install /home/sunrise/robot/hobot_stereonet/ros2_h265_stereonet/build/ros2_h265_stereonet
[33.354s] Level 1:colcon.colcon_core.environment:checking '/home/sunrise/robot/hobot_stereonet/ros2_h265_stereonet/install/ros2_h265_stereonet' for CMake module files
[33.355s] Level 1:colcon.colcon_core.environment:checking '/home/sunrise/robot/hobot_stereonet/ros2_h265_stereonet/install/ros2_h265_stereonet' for CMake config files
[33.356s] Level 1:colcon.colcon_core.shell:create_environment_hook('ros2_h265_stereonet', 'cmake_prefix_path')
[33.356s] INFO:colcon.colcon_core.shell:Creating environment hook '/home/sunrise/robot/hobot_stereonet/ros2_h265_stereonet/install/ros2_h265_stereonet/share/ros2_h265_stereonet/hook/cmake_prefix_path.ps1'
[33.357s] INFO:colcon.colcon_core.shell:Creating environment descriptor '/home/sunrise/robot/hobot_stereonet/ros2_h265_stereonet/install/ros2_h265_stereonet/share/ros2_h265_stereonet/hook/cmake_prefix_path.dsv'
[33.358s] INFO:colcon.colcon_core.shell:Creating environment hook '/home/sunrise/robot/hobot_stereonet/ros2_h265_stereonet/install/ros2_h265_stereonet/share/ros2_h265_stereonet/hook/cmake_prefix_path.sh'
[33.360s] Level 1:colcon.colcon_core.environment:checking '/home/sunrise/robot/hobot_stereonet/ros2_h265_stereonet/install/ros2_h265_stereonet/lib'
[33.360s] Level 1:colcon.colcon_core.environment:checking '/home/sunrise/robot/hobot_stereonet/ros2_h265_stereonet/install/ros2_h265_stereonet/bin'
[33.360s] Level 1:colcon.colcon_core.environment:checking '/home/sunrise/robot/hobot_stereonet/ros2_h265_stereonet/install/ros2_h265_stereonet/lib/pkgconfig/ros2_h265_stereonet.pc'
[33.361s] Level 1:colcon.colcon_core.environment:checking '/home/sunrise/robot/hobot_stereonet/ros2_h265_stereonet/install/ros2_h265_stereonet/lib/python3.10/site-packages'
[33.362s] Level 1:colcon.colcon_core.environment:checking '/home/sunrise/robot/hobot_stereonet/ros2_h265_stereonet/install/ros2_h265_stereonet/bin'
[33.362s] INFO:colcon.colcon_core.shell:Creating package script '/home/sunrise/robot/hobot_stereonet/ros2_h265_stereonet/install/ros2_h265_stereonet/share/ros2_h265_stereonet/package.ps1'
[33.364s] INFO:colcon.colcon_core.shell:Creating package descriptor '/home/sunrise/robot/hobot_stereonet/ros2_h265_stereonet/install/ros2_h265_stereonet/share/ros2_h265_stereonet/package.dsv'
[33.365s] INFO:colcon.colcon_core.shell:Creating package script '/home/sunrise/robot/hobot_stereonet/ros2_h265_stereonet/install/ros2_h265_stereonet/share/ros2_h265_stereonet/package.sh'
[33.367s] INFO:colcon.colcon_core.shell:Creating package script '/home/sunrise/robot/hobot_stereonet/ros2_h265_stereonet/install/ros2_h265_stereonet/share/ros2_h265_stereonet/package.bash'
[33.368s] INFO:colcon.colcon_core.shell:Creating package script '/home/sunrise/robot/hobot_stereonet/ros2_h265_stereonet/install/ros2_h265_stereonet/share/ros2_h265_stereonet/package.zsh'
[33.369s] Level 1:colcon.colcon_core.environment:create_file_with_runtime_dependencies(/home/sunrise/robot/hobot_stereonet/ros2_h265_stereonet/install/ros2_h265_stereonet/share/colcon-core/packages/ros2_h265_stereonet)
[33.371s] Level 1:colcon.colcon_core.environment:create_environment_scripts_only(ros2_h265_stereonet)
[33.371s] Level 1:colcon.colcon_core.environment:checking '/home/sunrise/robot/hobot_stereonet/ros2_h265_stereonet/install/ros2_h265_stereonet' for CMake module files
[33.372s] Level 1:colcon.colcon_core.environment:checking '/home/sunrise/robot/hobot_stereonet/ros2_h265_stereonet/install/ros2_h265_stereonet' for CMake config files
[33.372s] Level 1:colcon.colcon_core.shell:create_environment_hook('ros2_h265_stereonet', 'cmake_prefix_path')
[33.373s] INFO:colcon.colcon_core.shell:Creating environment hook '/home/sunrise/robot/hobot_stereonet/ros2_h265_stereonet/install/ros2_h265_stereonet/share/ros2_h265_stereonet/hook/cmake_prefix_path.ps1'
[33.374s] INFO:colcon.colcon_core.shell:Creating environment descriptor '/home/sunrise/robot/hobot_stereonet/ros2_h265_stereonet/install/ros2_h265_stereonet/share/ros2_h265_stereonet/hook/cmake_prefix_path.dsv'
[33.375s] INFO:colcon.colcon_core.shell:Creating environment hook '/home/sunrise/robot/hobot_stereonet/ros2_h265_stereonet/install/ros2_h265_stereonet/share/ros2_h265_stereonet/hook/cmake_prefix_path.sh'
[33.376s] Level 1:colcon.colcon_core.environment:checking '/home/sunrise/robot/hobot_stereonet/ros2_h265_stereonet/install/ros2_h265_stereonet/lib'
[33.376s] Level 1:colcon.colcon_core.environment:checking '/home/sunrise/robot/hobot_stereonet/ros2_h265_stereonet/install/ros2_h265_stereonet/bin'
[33.377s] Level 1:colcon.colcon_core.environment:checking '/home/sunrise/robot/hobot_stereonet/ros2_h265_stereonet/install/ros2_h265_stereonet/lib/pkgconfig/ros2_h265_stereonet.pc'
[33.377s] Level 1:colcon.colcon_core.environment:checking '/home/sunrise/robot/hobot_stereonet/ros2_h265_stereonet/install/ros2_h265_stereonet/lib/python3.10/site-packages'
[33.378s] Level 1:colcon.colcon_core.environment:checking '/home/sunrise/robot/hobot_stereonet/ros2_h265_stereonet/install/ros2_h265_stereonet/bin'
[33.378s] INFO:colcon.colcon_core.shell:Creating package script '/home/sunrise/robot/hobot_stereonet/ros2_h265_stereonet/install/ros2_h265_stereonet/share/ros2_h265_stereonet/package.ps1'
[33.380s] INFO:colcon.colcon_core.shell:Creating package descriptor '/home/sunrise/robot/hobot_stereonet/ros2_h265_stereonet/install/ros2_h265_stereonet/share/ros2_h265_stereonet/package.dsv'
[33.381s] INFO:colcon.colcon_core.shell:Creating package script '/home/sunrise/robot/hobot_stereonet/ros2_h265_stereonet/install/ros2_h265_stereonet/share/ros2_h265_stereonet/package.sh'
[33.382s] INFO:colcon.colcon_core.shell:Creating package script '/home/sunrise/robot/hobot_stereonet/ros2_h265_stereonet/install/ros2_h265_stereonet/share/ros2_h265_stereonet/package.bash'
[33.383s] INFO:colcon.colcon_core.shell:Creating package script '/home/sunrise/robot/hobot_stereonet/ros2_h265_stereonet/install/ros2_h265_stereonet/share/ros2_h265_stereonet/package.zsh'
[33.384s] Level 1:colcon.colcon_core.environment:create_file_with_runtime_dependencies(/home/sunrise/robot/hobot_stereonet/ros2_h265_stereonet/install/ros2_h265_stereonet/share/colcon-core/packages/ros2_h265_stereonet)
[33.385s] DEBUG:colcon.colcon_parallel_executor.executor.parallel:closing loop
[33.385s] DEBUG:colcon.colcon_parallel_executor.executor.parallel:loop closed
[33.385s] DEBUG:colcon.colcon_parallel_executor.executor.parallel:run_until_complete finished with '0'
[33.385s] DEBUG:colcon.colcon_core.event_reactor:joining thread
[33.394s] INFO:colcon.colcon_core.plugin_system:Skipping extension 'colcon_notification.desktop_notification.terminal_notifier': Not used on non-Darwin systems
[33.394s] INFO:colcon.colcon_core.plugin_system:Skipping extension 'colcon_notification.desktop_notification.win32': Not used on non-Windows systems
[33.394s] INFO:colcon.colcon_notification.desktop_notification:Sending desktop notification using 'notify2'
[33.407s] DEBUG:colcon.colcon_core.event_reactor:joined thread
[33.408s] INFO:colcon.colcon_core.shell:Creating prefix script '/home/sunrise/robot/hobot_stereonet/ros2_h265_stereonet/install/local_setup.ps1'
[33.410s] INFO:colcon.colcon_core.shell:Creating prefix util module '/home/sunrise/robot/hobot_stereonet/ros2_h265_stereonet/install/_local_setup_util_ps1.py'
[33.412s] INFO:colcon.colcon_core.shell:Creating prefix chain script '/home/sunrise/robot/hobot_stereonet/ros2_h265_stereonet/install/setup.ps1'
[33.414s] INFO:colcon.colcon_core.shell:Creating prefix script '/home/sunrise/robot/hobot_stereonet/ros2_h265_stereonet/install/local_setup.sh'
[33.415s] INFO:colcon.colcon_core.shell:Creating prefix util module '/home/sunrise/robot/hobot_stereonet/ros2_h265_stereonet/install/_local_setup_util_sh.py'
[33.416s] INFO:colcon.colcon_core.shell:Creating prefix chain script '/home/sunrise/robot/hobot_stereonet/ros2_h265_stereonet/install/setup.sh'
[33.418s] INFO:colcon.colcon_core.shell:Creating prefix script '/home/sunrise/robot/hobot_stereonet/ros2_h265_stereonet/install/local_setup.bash'
[33.419s] INFO:colcon.colcon_core.shell:Creating prefix chain script '/home/sunrise/robot/hobot_stereonet/ros2_h265_stereonet/install/setup.bash'
[33.421s] INFO:colcon.colcon_core.shell:Creating prefix script '/home/sunrise/robot/hobot_stereonet/ros2_h265_stereonet/install/local_setup.zsh'
[33.422s] INFO:colcon.colcon_core.shell:Creating prefix chain script '/home/sunrise/robot/hobot_stereonet/ros2_h265_stereonet/install/setup.zsh'
