[0.000000] (-) TimerEvent: {}
[0.000193] (ros2_h265_stereonet) JobQueued: {'identifier': 'ros2_h265_stereonet', 'dependencies': OrderedDict()}
[0.000743] (ros2_h265_stereonet) JobStarted: {'identifier': 'ros2_h265_stereonet'}
[0.012067] (ros2_h265_stereonet) JobProgress: {'identifier': 'ros2_h265_stereonet', 'progress': 'cmake'}
[0.013518] (ros2_h265_stereonet) Command: {'cmd': ['/usr/bin/cmake', '/home/sunrise/robot/hobot_stereonet/ros2_h265_stereonet', '-DCMAKE_INSTALL_PREFIX=/home/sunrise/robot/hobot_stereonet/ros2_h265_stereonet/install/ros2_h265_stereonet'], 'cwd': '/home/sunrise/robot/hobot_stereonet/ros2_h265_stereonet/build/ros2_h265_stereonet', 'env': OrderedDict([('LESSOPEN', '| /usr/bin/lesspipe %s'), ('VSCODE_CWD', '/home/sunrise'), ('VSCODE_ESM_ENTRYPOINT', 'vs/workbench/api/node/extensionHostProcess'), ('USER', 'sunrise'), ('SSH_CLIENT', '192.168.11.47 58104 22'), ('LC_TIME', 'en_US.UTF-8'), ('VSCODE_NLS_CONFIG', '{"userLocale":"en","osLocale":"en","resolvedLanguage":"en","defaultMessagesFile":"/home/sunrise/.cursor-server/bin/linux-arm64/68fbec5aed9da587d1c6a64172792f505bafa250/out/nls.messages.json","locale":"en","availableLanguages":{}}'), ('CI', '1'), ('VSCODE_HANDLES_UNCAUGHT_ERRORS', 'true'), ('XDG_SESSION_TYPE', 'tty'), ('HOBOT_ROOTFS_DIR', '/usr/hobot'), ('SHLVL', '1'), ('LD_LIBRARY_PATH', '/home/sunrise/livox_ws/install/livox_sdk2/lib:/home/sunrise/livox_ws/install/livox_ros_driver2/lib:/opt/ros/humble/opt/rviz_ogre_vendor/lib:/opt/ros/humble/lib/aarch64-linux-gnu:/opt/ros/humble/lib:/usr/lib/aarch64-linux-gnu:/lib/aarch64-linux-gnu:/app/lib:/app/pub/lib:/middleware/lib:/middleware/pub/lib:/usr/lib/gstreamer'), ('BROWSER', '/home/sunrise/.cursor-server/bin/linux-arm64/68fbec5aed9da587d1c6a64172792f505bafa250/bin/helpers/browser.sh'), ('MOTD_SHOWN', 'pam'), ('HOME', '/home/sunrise'), ('OLDPWD', '/home/sunrise/robot/hobot_stereonet/ros2_h265_stereonet'), ('VSCODE_IPC_HOOK_CLI', '/run/user/1000/vscode-ipc-02e81f16-0390-42b2-9608-2064cb93a741.sock'), ('ROS_PYTHON_VERSION', '3'), ('LC_MONETARY', 'en_US.UTF-8'), ('NO_COLOR', '1'), ('DBUS_SESSION_BUS_ADDRESS', 'unix:path=/run/user/1000/bus'), ('VSCODE_L10N_BUNDLE_LOCATION', ''), ('COLCON_PREFIX_PATH', '/home/sunrise/robot/hobot_stereonet/ros2_h265_stereonet/install:/home/sunrise/livox_ws/install'), ('ROS_DISTRO', 'humble'), ('OVSX_REGISTRY_URL', 'https://open-vsx.org'), ('LOGNAME', 'sunrise'), ('FORCE_COLOR', '0'), ('VSCODE_HANDLES_SIGPIPE', 'true'), ('_', '/usr/bin/colcon'), ('ROS_VERSION', '2'), ('XDG_SESSION_CLASS', 'user'), ('TERM', 'dumb'), ('XDG_SESSION_ID', '21'), ('ROS_LOCALHOST_ONLY', '0'), ('PATH', '/home/sunrise/.local/bin:/home/sunrise/.cursor-server/bin/linux-arm64/68fbec5aed9da587d1c6a64172792f505bafa250/bin/remote-cli:/home/sunrise/.local/bin:/opt/ros/humble/bin:/home/sunrise/.cursor-server/bin/linux-arm64/68fbec5aed9da587d1c6a64172792f505bafa250/bin/remote-cli:/home/sunrise/.local/bin:/usr/sbin:/usr/bin:/sbin:/bin:/usr/hobot/bin:/app/bin:/middleware/bin:/var/busybox:/usr/local/sbin:/usr/local/bin:/usr/games:/usr/local/games:/snap/bin'), ('VSCODE_AGENT_FOLDER', '/home/sunrise/.cursor-server'), ('PAPERSIZE', 'a4'), ('LC_ADDRESS', 'en_US.UTF-8'), ('XDG_RUNTIME_DIR', '/run/user/1000'), ('CURSOR_AGENT', '1'), ('LANG', 'en_US.UTF-8'), ('LC_TELEPHONE', 'en_US.UTF-8'), ('LOGLEVEL', '5'), ('LS_COLORS', ''), ('AMENT_PREFIX_PATH', '/home/sunrise/robot/hobot_stereonet/ros2_h265_stereonet/install/ros2_h265_stereonet:/home/sunrise/livox_ws/install/livox_ros_driver2:/opt/ros/humble'), ('SHELL', '/bin/bash'), ('LC_NAME', 'en_US.UTF-8'), ('VSCODE_SERVER_SHUTDOWN_TIMEOUT', '300'), ('LESSCLOSE', '/usr/bin/lesspipe %s %s'), ('LC_MEASUREMENT', 'en_US.UTF-8'), ('LC_IDENTIFICATION', 'en_US.UTF-8'), ('PWD', '/home/sunrise/robot/hobot_stereonet/ros2_h265_stereonet/build/ros2_h265_stereonet'), ('LC_ALL', 'en_US.UTF-8'), ('SSH_CONNECTION', '192.168.11.47 58104 192.168.11.165 22'), ('XDG_DATA_DIRS', '/usr/share/gnome:/usr/local/share:/usr/share:/var/lib/snapd/desktop'), ('PYTHONPATH', '/home/sunrise/livox_ws/install/livox_ros_driver2/local/lib/python3.10/dist-packages:/opt/ros/humble/lib/python3.10/site-packages:/opt/ros/humble/local/lib/python3.10/dist-packages'), ('LC_NUMERIC', 'en_US.UTF-8'), ('TZ', 'CST-08:00'), ('LC_PAPER', 'en_US.UTF-8'), ('COLCON', '1'), ('_ZO_DOCTOR', '0'), ('LD_HWCAP_MASK', '0x00000000'), ('CMAKE_PREFIX_PATH', '/home/sunrise/robot/hobot_stereonet/ros2_h265_stereonet/install/ros2_h265_stereonet:/home/sunrise/livox_ws/install/livox_ros_driver2:/opt/ros/humble')]), 'shell': False}
[0.028100] (ros2_h265_stereonet) StdoutLine: {'line': b'-- ros2_h265_stereonet build platform S100\n'}
[0.028587] (ros2_h265_stereonet) StdoutLine: {'line': b'-- Found ament_cmake: 1.3.12 (/opt/ros/humble/share/ament_cmake/cmake)\n'}
[0.099680] (-) TimerEvent: {}
[0.199910] (-) TimerEvent: {}
[0.230021] (ros2_h265_stereonet) StdoutLine: {'line': b'-- Found rclcpp: 16.0.17 (/opt/ros/humble/share/rclcpp/cmake)\n'}
[0.263756] (ros2_h265_stereonet) StdoutLine: {'line': b'-- Found rosidl_generator_c: 3.1.8 (/opt/ros/humble/share/rosidl_generator_c/cmake)\n'}
[0.267151] (ros2_h265_stereonet) StdoutLine: {'line': b'-- Found rosidl_adapter: 3.1.8 (/opt/ros/humble/share/rosidl_adapter/cmake)\n'}
[0.275041] (ros2_h265_stereonet) StdoutLine: {'line': b'-- Found rosidl_generator_cpp: 3.1.8 (/opt/ros/humble/share/rosidl_generator_cpp/cmake)\n'}
[0.287479] (ros2_h265_stereonet) StdoutLine: {'line': b'-- Using all available rosidl_typesupport_c: rosidl_typesupport_fastrtps_c;rosidl_typesupport_introspection_c\n'}
[0.300027] (-) TimerEvent: {}
[0.304303] (ros2_h265_stereonet) StdoutLine: {'line': b'-- Using all available rosidl_typesupport_cpp: rosidl_typesupport_fastrtps_cpp;rosidl_typesupport_introspection_cpp\n'}
[0.347157] (ros2_h265_stereonet) StdoutLine: {'line': b'-- Found rmw_implementation_cmake: 6.1.2 (/opt/ros/humble/share/rmw_implementation_cmake/cmake)\n'}
[0.349062] (ros2_h265_stereonet) StdoutLine: {'line': b'-- Found rmw_fastrtps_cpp: 6.2.9 (/opt/ros/humble/share/rmw_fastrtps_cpp/cmake)\n'}
[0.400145] (-) TimerEvent: {}
[0.457453] (ros2_h265_stereonet) StdoutLine: {'line': b"-- Using RMW implementation 'rmw_fastrtps_cpp' as default\n"}
[0.500255] (-) TimerEvent: {}
[0.530262] (ros2_h265_stereonet) StdoutLine: {'line': b'-- Found sensor_msgs: 4.9.0 (/opt/ros/humble/share/sensor_msgs/cmake)\n'}
[0.570762] (ros2_h265_stereonet) StdoutLine: {'line': b'-- Found foxglove_msgs: 3.2.4 (/opt/ros/humble/share/foxglove_msgs/cmake)\n'}
[0.600367] (-) TimerEvent: {}
[0.608460] (ros2_h265_stereonet) StdoutLine: {'line': b'-- SYS_ROOT is \n'}
[0.608807] (ros2_h265_stereonet) StdoutLine: {'line': b'-- Preferred ROS distribution: humble\n'}
[0.700477] (-) TimerEvent: {}
[0.716975] (ros2_h265_stereonet) StdoutLine: {'line': b'-- Configuring done\n'}
[0.743072] (ros2_h265_stereonet) StdoutLine: {'line': b'-- Generating done\n'}
[0.752156] (ros2_h265_stereonet) StdoutLine: {'line': b'-- Build files have been written to: /home/sunrise/robot/hobot_stereonet/ros2_h265_stereonet/build/ros2_h265_stereonet\n'}
[0.762294] (ros2_h265_stereonet) CommandEnded: {'returncode': 0}
[0.763264] (ros2_h265_stereonet) JobProgress: {'identifier': 'ros2_h265_stereonet', 'progress': 'build'}
[0.764314] (ros2_h265_stereonet) Command: {'cmd': ['/usr/bin/cmake', '--build', '/home/sunrise/robot/hobot_stereonet/ros2_h265_stereonet/build/ros2_h265_stereonet', '--', '-j6', '-l6'], 'cwd': '/home/sunrise/robot/hobot_stereonet/ros2_h265_stereonet/build/ros2_h265_stereonet', 'env': OrderedDict([('LESSOPEN', '| /usr/bin/lesspipe %s'), ('VSCODE_CWD', '/home/sunrise'), ('VSCODE_ESM_ENTRYPOINT', 'vs/workbench/api/node/extensionHostProcess'), ('USER', 'sunrise'), ('SSH_CLIENT', '192.168.11.47 58104 22'), ('LC_TIME', 'en_US.UTF-8'), ('VSCODE_NLS_CONFIG', '{"userLocale":"en","osLocale":"en","resolvedLanguage":"en","defaultMessagesFile":"/home/sunrise/.cursor-server/bin/linux-arm64/68fbec5aed9da587d1c6a64172792f505bafa250/out/nls.messages.json","locale":"en","availableLanguages":{}}'), ('CI', '1'), ('VSCODE_HANDLES_UNCAUGHT_ERRORS', 'true'), ('XDG_SESSION_TYPE', 'tty'), ('HOBOT_ROOTFS_DIR', '/usr/hobot'), ('SHLVL', '1'), ('LD_LIBRARY_PATH', '/home/sunrise/livox_ws/install/livox_sdk2/lib:/home/sunrise/livox_ws/install/livox_ros_driver2/lib:/opt/ros/humble/opt/rviz_ogre_vendor/lib:/opt/ros/humble/lib/aarch64-linux-gnu:/opt/ros/humble/lib:/usr/lib/aarch64-linux-gnu:/lib/aarch64-linux-gnu:/app/lib:/app/pub/lib:/middleware/lib:/middleware/pub/lib:/usr/lib/gstreamer'), ('BROWSER', '/home/sunrise/.cursor-server/bin/linux-arm64/68fbec5aed9da587d1c6a64172792f505bafa250/bin/helpers/browser.sh'), ('MOTD_SHOWN', 'pam'), ('HOME', '/home/sunrise'), ('OLDPWD', '/home/sunrise/robot/hobot_stereonet/ros2_h265_stereonet'), ('VSCODE_IPC_HOOK_CLI', '/run/user/1000/vscode-ipc-02e81f16-0390-42b2-9608-2064cb93a741.sock'), ('ROS_PYTHON_VERSION', '3'), ('LC_MONETARY', 'en_US.UTF-8'), ('NO_COLOR', '1'), ('DBUS_SESSION_BUS_ADDRESS', 'unix:path=/run/user/1000/bus'), ('VSCODE_L10N_BUNDLE_LOCATION', ''), ('COLCON_PREFIX_PATH', '/home/sunrise/robot/hobot_stereonet/ros2_h265_stereonet/install:/home/sunrise/livox_ws/install'), ('ROS_DISTRO', 'humble'), ('OVSX_REGISTRY_URL', 'https://open-vsx.org'), ('LOGNAME', 'sunrise'), ('FORCE_COLOR', '0'), ('VSCODE_HANDLES_SIGPIPE', 'true'), ('_', '/usr/bin/colcon'), ('ROS_VERSION', '2'), ('XDG_SESSION_CLASS', 'user'), ('TERM', 'dumb'), ('XDG_SESSION_ID', '21'), ('ROS_LOCALHOST_ONLY', '0'), ('PATH', '/home/sunrise/.local/bin:/home/sunrise/.cursor-server/bin/linux-arm64/68fbec5aed9da587d1c6a64172792f505bafa250/bin/remote-cli:/home/sunrise/.local/bin:/opt/ros/humble/bin:/home/sunrise/.cursor-server/bin/linux-arm64/68fbec5aed9da587d1c6a64172792f505bafa250/bin/remote-cli:/home/sunrise/.local/bin:/usr/sbin:/usr/bin:/sbin:/bin:/usr/hobot/bin:/app/bin:/middleware/bin:/var/busybox:/usr/local/sbin:/usr/local/bin:/usr/games:/usr/local/games:/snap/bin'), ('VSCODE_AGENT_FOLDER', '/home/sunrise/.cursor-server'), ('PAPERSIZE', 'a4'), ('LC_ADDRESS', 'en_US.UTF-8'), ('XDG_RUNTIME_DIR', '/run/user/1000'), ('CURSOR_AGENT', '1'), ('LANG', 'en_US.UTF-8'), ('LC_TELEPHONE', 'en_US.UTF-8'), ('LOGLEVEL', '5'), ('LS_COLORS', ''), ('AMENT_PREFIX_PATH', '/home/sunrise/robot/hobot_stereonet/ros2_h265_stereonet/install/ros2_h265_stereonet:/home/sunrise/livox_ws/install/livox_ros_driver2:/opt/ros/humble'), ('SHELL', '/bin/bash'), ('LC_NAME', 'en_US.UTF-8'), ('VSCODE_SERVER_SHUTDOWN_TIMEOUT', '300'), ('LESSCLOSE', '/usr/bin/lesspipe %s %s'), ('LC_MEASUREMENT', 'en_US.UTF-8'), ('LC_IDENTIFICATION', 'en_US.UTF-8'), ('PWD', '/home/sunrise/robot/hobot_stereonet/ros2_h265_stereonet/build/ros2_h265_stereonet'), ('LC_ALL', 'en_US.UTF-8'), ('SSH_CONNECTION', '192.168.11.47 58104 192.168.11.165 22'), ('XDG_DATA_DIRS', '/usr/share/gnome:/usr/local/share:/usr/share:/var/lib/snapd/desktop'), ('PYTHONPATH', '/home/sunrise/livox_ws/install/livox_ros_driver2/local/lib/python3.10/dist-packages:/opt/ros/humble/lib/python3.10/site-packages:/opt/ros/humble/local/lib/python3.10/dist-packages'), ('LC_NUMERIC', 'en_US.UTF-8'), ('TZ', 'CST-08:00'), ('LC_PAPER', 'en_US.UTF-8'), ('COLCON', '1'), ('_ZO_DOCTOR', '0'), ('LD_HWCAP_MASK', '0x00000000'), ('CMAKE_PREFIX_PATH', '/home/sunrise/robot/hobot_stereonet/ros2_h265_stereonet/install/ros2_h265_stereonet:/home/sunrise/livox_ws/install/livox_ros_driver2:/opt/ros/humble')]), 'shell': False}
[0.800605] (-) TimerEvent: {}
[0.880441] (ros2_h265_stereonet) StdoutLine: {'line': b'Consolidate compiler generated dependencies of target stereo_h265_node\n'}
[0.900723] (-) TimerEvent: {}
[0.902999] (ros2_h265_stereonet) StdoutLine: {'line': b'[ 12%] Building CXX object CMakeFiles/stereo_h265_node.dir/src/stereo_h265_node.cpp.o\n'}
[1.000832] (-) TimerEvent: {}
[1.101112] (-) TimerEvent: {}
[1.201386] (-) TimerEvent: {}
[1.301644] (-) TimerEvent: {}
[1.401915] (-) TimerEvent: {}
[1.502174] (-) TimerEvent: {}
[1.602437] (-) TimerEvent: {}
[1.702702] (-) TimerEvent: {}
[1.802951] (-) TimerEvent: {}
[1.903155] (-) TimerEvent: {}
[2.003402] (-) TimerEvent: {}
[2.103659] (-) TimerEvent: {}
[2.203921] (-) TimerEvent: {}
[2.304162] (-) TimerEvent: {}
[2.404416] (-) TimerEvent: {}
[2.504689] (-) TimerEvent: {}
[2.604933] (-) TimerEvent: {}
[2.705179] (-) TimerEvent: {}
[2.805431] (-) TimerEvent: {}
[2.905689] (-) TimerEvent: {}
[3.005943] (-) TimerEvent: {}
[3.106203] (-) TimerEvent: {}
[3.206455] (-) TimerEvent: {}
[3.306721] (-) TimerEvent: {}
[3.406977] (-) TimerEvent: {}
[3.507239] (-) TimerEvent: {}
[3.607509] (-) TimerEvent: {}
[3.707762] (-) TimerEvent: {}
[3.808011] (-) TimerEvent: {}
[3.908257] (-) TimerEvent: {}
[4.008503] (-) TimerEvent: {}
[4.108752] (-) TimerEvent: {}
[4.209008] (-) TimerEvent: {}
[4.309243] (-) TimerEvent: {}
[4.409472] (-) TimerEvent: {}
[4.509705] (-) TimerEvent: {}
[4.609930] (-) TimerEvent: {}
[4.710156] (-) TimerEvent: {}
[4.810385] (-) TimerEvent: {}
[4.910613] (-) TimerEvent: {}
[5.010991] (-) TimerEvent: {}
[5.111239] (-) TimerEvent: {}
[5.211492] (-) TimerEvent: {}
[5.311740] (-) TimerEvent: {}
[5.411981] (-) TimerEvent: {}
[5.512226] (-) TimerEvent: {}
[5.612467] (-) TimerEvent: {}
[5.712721] (-) TimerEvent: {}
[5.812981] (-) TimerEvent: {}
[5.913224] (-) TimerEvent: {}
[6.013473] (-) TimerEvent: {}
[6.113716] (-) TimerEvent: {}
[6.213969] (-) TimerEvent: {}
[6.314226] (-) TimerEvent: {}
[6.414475] (-) TimerEvent: {}
[6.514722] (-) TimerEvent: {}
[6.614965] (-) TimerEvent: {}
[6.715216] (-) TimerEvent: {}
[6.815462] (-) TimerEvent: {}
[6.915708] (-) TimerEvent: {}
[7.015956] (-) TimerEvent: {}
[7.116214] (-) TimerEvent: {}
[7.216464] (-) TimerEvent: {}
[7.316709] (-) TimerEvent: {}
[7.416989] (-) TimerEvent: {}
[7.517361] (-) TimerEvent: {}
[7.617594] (-) TimerEvent: {}
[7.694402] (ros2_h265_stereonet) StderrLine: {'line': b'In file included from /home/sunrise/robot/hobot_stereonet/ros2_h265_stereonet/../include/stereonet_process.h:23,\n'}
[7.694757] (ros2_h265_stereonet) StderrLine: {'line': b'                 from /home/sunrise/robot/hobot_stereonet/ros2_h265_stereonet/src/stereo_h265_node.cpp:29:\n'}
[7.694911] (ros2_h265_stereonet) StderrLine: {'line': b'/home/sunrise/robot/hobot_stereonet/ros2_h265_stereonet/../include/log_macros.h:20:61: note: \xe2\x80\x98#pragma message: Detected rclcpp.hpp \xe2\x86\x92 ROS2 logging enabled\xe2\x80\x99\n'}
[7.695033] (ros2_h265_stereonet) StderrLine: {'line': b'   20 | #pragma message("Detected rclcpp.hpp \xe2\x86\x92 ROS2 logging enabled")\n'}
[7.695146] (ros2_h265_stereonet) StderrLine: {'line': b'      |                                                             ^\n'}
[7.717718] (-) TimerEvent: {}
[7.817979] (-) TimerEvent: {}
[7.918232] (-) TimerEvent: {}
[8.018498] (-) TimerEvent: {}
[8.118752] (-) TimerEvent: {}
[8.219013] (-) TimerEvent: {}
[8.319260] (-) TimerEvent: {}
[8.419517] (-) TimerEvent: {}
[8.519772] (-) TimerEvent: {}
[8.620033] (-) TimerEvent: {}
[8.720275] (-) TimerEvent: {}
[8.820517] (-) TimerEvent: {}
[8.920760] (-) TimerEvent: {}
[9.021036] (-) TimerEvent: {}
[9.121277] (-) TimerEvent: {}
[9.221521] (-) TimerEvent: {}
[9.321764] (-) TimerEvent: {}
[9.422014] (-) TimerEvent: {}
[9.522260] (-) TimerEvent: {}
[9.622507] (-) TimerEvent: {}
[9.722742] (-) TimerEvent: {}
[9.822978] (-) TimerEvent: {}
[9.923217] (-) TimerEvent: {}
[10.023443] (-) TimerEvent: {}
[10.123673] (-) TimerEvent: {}
[10.223907] (-) TimerEvent: {}
[10.324139] (-) TimerEvent: {}
[10.424372] (-) TimerEvent: {}
[10.524599] (-) TimerEvent: {}
[10.624826] (-) TimerEvent: {}
[10.725083] (-) TimerEvent: {}
[10.825329] (-) TimerEvent: {}
[10.925585] (-) TimerEvent: {}
[11.025841] (-) TimerEvent: {}
[11.126097] (-) TimerEvent: {}
[11.226348] (-) TimerEvent: {}
[11.326606] (-) TimerEvent: {}
[11.426857] (-) TimerEvent: {}
[11.527109] (-) TimerEvent: {}
[11.627360] (-) TimerEvent: {}
[11.727612] (-) TimerEvent: {}
[11.827863] (-) TimerEvent: {}
[11.928117] (-) TimerEvent: {}
[12.028358] (-) TimerEvent: {}
[12.128588] (-) TimerEvent: {}
[12.228818] (-) TimerEvent: {}
[12.329075] (-) TimerEvent: {}
[12.429314] (-) TimerEvent: {}
[12.529544] (-) TimerEvent: {}
[12.629767] (-) TimerEvent: {}
[12.729993] (-) TimerEvent: {}
[12.830220] (-) TimerEvent: {}
[12.930462] (-) TimerEvent: {}
[13.030712] (-) TimerEvent: {}
[13.130947] (-) TimerEvent: {}
[13.231212] (-) TimerEvent: {}
[13.331468] (-) TimerEvent: {}
[13.431722] (-) TimerEvent: {}
[13.531983] (-) TimerEvent: {}
[13.632247] (-) TimerEvent: {}
[13.732508] (-) TimerEvent: {}
[13.832758] (-) TimerEvent: {}
[13.933049] (-) TimerEvent: {}
[14.033303] (-) TimerEvent: {}
[14.133561] (-) TimerEvent: {}
[14.233817] (-) TimerEvent: {}
[14.334075] (-) TimerEvent: {}
[14.434326] (-) TimerEvent: {}
[14.534590] (-) TimerEvent: {}
[14.634835] (-) TimerEvent: {}
[14.735095] (-) TimerEvent: {}
[14.835355] (-) TimerEvent: {}
[14.935611] (-) TimerEvent: {}
[15.035857] (-) TimerEvent: {}
[15.136113] (-) TimerEvent: {}
[15.236342] (-) TimerEvent: {}
[15.336598] (-) TimerEvent: {}
[15.436826] (-) TimerEvent: {}
[15.537104] (-) TimerEvent: {}
[15.637365] (-) TimerEvent: {}
[15.737619] (-) TimerEvent: {}
[15.837878] (-) TimerEvent: {}
[15.938123] (-) TimerEvent: {}
[16.038371] (-) TimerEvent: {}
[16.138603] (-) TimerEvent: {}
[16.238848] (-) TimerEvent: {}
[16.339089] (-) TimerEvent: {}
[16.439344] (-) TimerEvent: {}
[16.539588] (-) TimerEvent: {}
[16.639844] (-) TimerEvent: {}
[16.740086] (-) TimerEvent: {}
[16.840337] (-) TimerEvent: {}
[16.940581] (-) TimerEvent: {}
[17.040827] (-) TimerEvent: {}
[17.141096] (-) TimerEvent: {}
[17.241335] (-) TimerEvent: {}
[17.341589] (-) TimerEvent: {}
[17.441833] (-) TimerEvent: {}
[17.542068] (-) TimerEvent: {}
[17.642314] (-) TimerEvent: {}
[17.742554] (-) TimerEvent: {}
[17.842796] (-) TimerEvent: {}
[17.943057] (-) TimerEvent: {}
[18.043304] (-) TimerEvent: {}
[18.143540] (-) TimerEvent: {}
[18.243787] (-) TimerEvent: {}
[18.344033] (-) TimerEvent: {}
[18.444277] (-) TimerEvent: {}
[18.544522] (-) TimerEvent: {}
[18.644774] (-) TimerEvent: {}
[18.745037] (-) TimerEvent: {}
[18.845289] (-) TimerEvent: {}
[18.945548] (-) TimerEvent: {}
[19.045799] (-) TimerEvent: {}
[19.146066] (-) TimerEvent: {}
[19.246318] (-) TimerEvent: {}
[19.346571] (-) TimerEvent: {}
[19.446820] (-) TimerEvent: {}
[19.547070] (-) TimerEvent: {}
[19.647317] (-) TimerEvent: {}
[19.747573] (-) TimerEvent: {}
[19.847826] (-) TimerEvent: {}
[19.948084] (-) TimerEvent: {}
[20.048336] (-) TimerEvent: {}
[20.148585] (-) TimerEvent: {}
[20.248839] (-) TimerEvent: {}
[20.349120] (-) TimerEvent: {}
[20.449374] (-) TimerEvent: {}
[20.549627] (-) TimerEvent: {}
[20.650014] (-) TimerEvent: {}
[20.750255] (-) TimerEvent: {}
[20.850495] (-) TimerEvent: {}
[20.950746] (-) TimerEvent: {}
[21.050997] (-) TimerEvent: {}
[21.151252] (-) TimerEvent: {}
[21.251505] (-) TimerEvent: {}
[21.351761] (-) TimerEvent: {}
[21.452013] (-) TimerEvent: {}
[21.552267] (-) TimerEvent: {}
[21.652517] (-) TimerEvent: {}
[21.752773] (-) TimerEvent: {}
[21.853039] (-) TimerEvent: {}
[21.953288] (-) TimerEvent: {}
[22.053531] (-) TimerEvent: {}
[22.153908] (-) TimerEvent: {}
[22.254176] (-) TimerEvent: {}
[22.354487] (-) TimerEvent: {}
[22.454745] (-) TimerEvent: {}
[22.554993] (-) TimerEvent: {}
[22.655247] (-) TimerEvent: {}
[22.755486] (-) TimerEvent: {}
[22.855720] (-) TimerEvent: {}
[22.955956] (-) TimerEvent: {}
[23.056187] (-) TimerEvent: {}
[23.156434] (-) TimerEvent: {}
[23.256678] (-) TimerEvent: {}
[23.356913] (-) TimerEvent: {}
[23.457298] (-) TimerEvent: {}
[23.557538] (-) TimerEvent: {}
[23.657779] (-) TimerEvent: {}
[23.758004] (-) TimerEvent: {}
[23.858249] (-) TimerEvent: {}
[23.958489] (-) TimerEvent: {}
[24.058742] (-) TimerEvent: {}
[24.158988] (-) TimerEvent: {}
[24.259257] (-) TimerEvent: {}
[24.359505] (-) TimerEvent: {}
[24.459757] (-) TimerEvent: {}
[24.560005] (-) TimerEvent: {}
[24.660257] (-) TimerEvent: {}
[24.760500] (-) TimerEvent: {}
[24.860762] (-) TimerEvent: {}
[24.961042] (-) TimerEvent: {}
[25.061436] (-) TimerEvent: {}
[25.161687] (-) TimerEvent: {}
[25.261945] (-) TimerEvent: {}
[25.362180] (-) TimerEvent: {}
[25.462423] (-) TimerEvent: {}
[25.562668] (-) TimerEvent: {}
[25.662924] (-) TimerEvent: {}
[25.763167] (-) TimerEvent: {}
[25.863456] (-) TimerEvent: {}
[25.963687] (-) TimerEvent: {}
[26.063947] (-) TimerEvent: {}
[26.164183] (-) TimerEvent: {}
[26.264443] (-) TimerEvent: {}
[26.364692] (-) TimerEvent: {}
[26.464956] (-) TimerEvent: {}
[26.565213] (-) TimerEvent: {}
[26.665474] (-) TimerEvent: {}
[26.765722] (-) TimerEvent: {}
[26.866000] (-) TimerEvent: {}
[26.966246] (-) TimerEvent: {}
[27.066505] (-) TimerEvent: {}
[27.166754] (-) TimerEvent: {}
[27.267010] (-) TimerEvent: {}
[27.367256] (-) TimerEvent: {}
[27.467518] (-) TimerEvent: {}
[27.567767] (-) TimerEvent: {}
[27.668026] (-) TimerEvent: {}
[27.768283] (-) TimerEvent: {}
[27.868538] (-) TimerEvent: {}
[27.968783] (-) TimerEvent: {}
[28.069062] (-) TimerEvent: {}
[28.169308] (-) TimerEvent: {}
[28.269590] (-) TimerEvent: {}
[28.369848] (-) TimerEvent: {}
[28.470115] (-) TimerEvent: {}
[28.570368] (-) TimerEvent: {}
[28.670639] (-) TimerEvent: {}
[28.770899] (-) TimerEvent: {}
[28.871157] (-) TimerEvent: {}
[28.971411] (-) TimerEvent: {}
[29.071675] (-) TimerEvent: {}
[29.171936] (-) TimerEvent: {}
[29.272214] (-) TimerEvent: {}
[29.372468] (-) TimerEvent: {}
[29.472731] (-) TimerEvent: {}
[29.572997] (-) TimerEvent: {}
[29.673256] (-) TimerEvent: {}
[29.773511] (-) TimerEvent: {}
[29.873781] (-) TimerEvent: {}
[29.974027] (-) TimerEvent: {}
[30.074302] (-) TimerEvent: {}
[30.174558] (-) TimerEvent: {}
[30.274826] (-) TimerEvent: {}
[30.375085] (-) TimerEvent: {}
[30.475353] (-) TimerEvent: {}
[30.575615] (-) TimerEvent: {}
[30.675890] (-) TimerEvent: {}
[30.776129] (-) TimerEvent: {}
[30.876375] (-) TimerEvent: {}
[30.976621] (-) TimerEvent: {}
[31.076880] (-) TimerEvent: {}
[31.177117] (-) TimerEvent: {}
[31.277366] (-) TimerEvent: {}
[31.377621] (-) TimerEvent: {}
[31.477884] (-) TimerEvent: {}
[31.578139] (-) TimerEvent: {}
[31.678415] (-) TimerEvent: {}
[31.778662] (-) TimerEvent: {}
[31.878908] (-) TimerEvent: {}
[31.979192] (-) TimerEvent: {}
[32.079437] (-) TimerEvent: {}
[32.179694] (-) TimerEvent: {}
[32.279950] (-) TimerEvent: {}
[32.380204] (-) TimerEvent: {}
[32.480462] (-) TimerEvent: {}
[32.580714] (-) TimerEvent: {}
[32.680983] (-) TimerEvent: {}
[32.781262] (-) TimerEvent: {}
[32.881516] (-) TimerEvent: {}
[32.981765] (-) TimerEvent: {}
[33.082021] (-) TimerEvent: {}
[33.117069] (ros2_h265_stereonet) StdoutLine: {'line': b'[ 25%] Linking CXX executable stereo_h265_node\n'}
[33.182140] (-) TimerEvent: {}
[33.282409] (-) TimerEvent: {}
[33.382678] (-) TimerEvent: {}
[33.482945] (-) TimerEvent: {}
[33.583199] (-) TimerEvent: {}
[33.683458] (-) TimerEvent: {}
[33.783723] (-) TimerEvent: {}
[33.878260] (ros2_h265_stereonet) StdoutLine: {'line': b'[100%] Built target stereo_h265_node\n'}
[33.883831] (-) TimerEvent: {}
[33.889343] (ros2_h265_stereonet) CommandEnded: {'returncode': 0}
[33.890490] (ros2_h265_stereonet) JobProgress: {'identifier': 'ros2_h265_stereonet', 'progress': 'install'}
[33.899952] (ros2_h265_stereonet) Command: {'cmd': ['/usr/bin/cmake', '--install', '/home/sunrise/robot/hobot_stereonet/ros2_h265_stereonet/build/ros2_h265_stereonet'], 'cwd': '/home/sunrise/robot/hobot_stereonet/ros2_h265_stereonet/build/ros2_h265_stereonet', 'env': OrderedDict([('LESSOPEN', '| /usr/bin/lesspipe %s'), ('VSCODE_CWD', '/home/sunrise'), ('VSCODE_ESM_ENTRYPOINT', 'vs/workbench/api/node/extensionHostProcess'), ('USER', 'sunrise'), ('SSH_CLIENT', '192.168.11.47 58104 22'), ('LC_TIME', 'en_US.UTF-8'), ('VSCODE_NLS_CONFIG', '{"userLocale":"en","osLocale":"en","resolvedLanguage":"en","defaultMessagesFile":"/home/sunrise/.cursor-server/bin/linux-arm64/68fbec5aed9da587d1c6a64172792f505bafa250/out/nls.messages.json","locale":"en","availableLanguages":{}}'), ('CI', '1'), ('VSCODE_HANDLES_UNCAUGHT_ERRORS', 'true'), ('XDG_SESSION_TYPE', 'tty'), ('HOBOT_ROOTFS_DIR', '/usr/hobot'), ('SHLVL', '1'), ('LD_LIBRARY_PATH', '/home/sunrise/livox_ws/install/livox_sdk2/lib:/home/sunrise/livox_ws/install/livox_ros_driver2/lib:/opt/ros/humble/opt/rviz_ogre_vendor/lib:/opt/ros/humble/lib/aarch64-linux-gnu:/opt/ros/humble/lib:/usr/lib/aarch64-linux-gnu:/lib/aarch64-linux-gnu:/app/lib:/app/pub/lib:/middleware/lib:/middleware/pub/lib:/usr/lib/gstreamer'), ('BROWSER', '/home/sunrise/.cursor-server/bin/linux-arm64/68fbec5aed9da587d1c6a64172792f505bafa250/bin/helpers/browser.sh'), ('MOTD_SHOWN', 'pam'), ('HOME', '/home/sunrise'), ('OLDPWD', '/home/sunrise/robot/hobot_stereonet/ros2_h265_stereonet'), ('VSCODE_IPC_HOOK_CLI', '/run/user/1000/vscode-ipc-02e81f16-0390-42b2-9608-2064cb93a741.sock'), ('ROS_PYTHON_VERSION', '3'), ('LC_MONETARY', 'en_US.UTF-8'), ('NO_COLOR', '1'), ('DBUS_SESSION_BUS_ADDRESS', 'unix:path=/run/user/1000/bus'), ('VSCODE_L10N_BUNDLE_LOCATION', ''), ('COLCON_PREFIX_PATH', '/home/sunrise/robot/hobot_stereonet/ros2_h265_stereonet/install:/home/sunrise/livox_ws/install'), ('ROS_DISTRO', 'humble'), ('OVSX_REGISTRY_URL', 'https://open-vsx.org'), ('LOGNAME', 'sunrise'), ('FORCE_COLOR', '0'), ('VSCODE_HANDLES_SIGPIPE', 'true'), ('_', '/usr/bin/colcon'), ('ROS_VERSION', '2'), ('XDG_SESSION_CLASS', 'user'), ('TERM', 'dumb'), ('XDG_SESSION_ID', '21'), ('ROS_LOCALHOST_ONLY', '0'), ('PATH', '/home/sunrise/.local/bin:/home/sunrise/.cursor-server/bin/linux-arm64/68fbec5aed9da587d1c6a64172792f505bafa250/bin/remote-cli:/home/sunrise/.local/bin:/opt/ros/humble/bin:/home/sunrise/.cursor-server/bin/linux-arm64/68fbec5aed9da587d1c6a64172792f505bafa250/bin/remote-cli:/home/sunrise/.local/bin:/usr/sbin:/usr/bin:/sbin:/bin:/usr/hobot/bin:/app/bin:/middleware/bin:/var/busybox:/usr/local/sbin:/usr/local/bin:/usr/games:/usr/local/games:/snap/bin'), ('VSCODE_AGENT_FOLDER', '/home/sunrise/.cursor-server'), ('PAPERSIZE', 'a4'), ('LC_ADDRESS', 'en_US.UTF-8'), ('XDG_RUNTIME_DIR', '/run/user/1000'), ('CURSOR_AGENT', '1'), ('LANG', 'en_US.UTF-8'), ('LC_TELEPHONE', 'en_US.UTF-8'), ('LOGLEVEL', '5'), ('LS_COLORS', ''), ('AMENT_PREFIX_PATH', '/home/sunrise/robot/hobot_stereonet/ros2_h265_stereonet/install/ros2_h265_stereonet:/home/sunrise/livox_ws/install/livox_ros_driver2:/opt/ros/humble'), ('SHELL', '/bin/bash'), ('LC_NAME', 'en_US.UTF-8'), ('VSCODE_SERVER_SHUTDOWN_TIMEOUT', '300'), ('LESSCLOSE', '/usr/bin/lesspipe %s %s'), ('LC_MEASUREMENT', 'en_US.UTF-8'), ('LC_IDENTIFICATION', 'en_US.UTF-8'), ('PWD', '/home/sunrise/robot/hobot_stereonet/ros2_h265_stereonet/build/ros2_h265_stereonet'), ('LC_ALL', 'en_US.UTF-8'), ('SSH_CONNECTION', '192.168.11.47 58104 192.168.11.165 22'), ('XDG_DATA_DIRS', '/usr/share/gnome:/usr/local/share:/usr/share:/var/lib/snapd/desktop'), ('PYTHONPATH', '/home/sunrise/livox_ws/install/livox_ros_driver2/local/lib/python3.10/dist-packages:/opt/ros/humble/lib/python3.10/site-packages:/opt/ros/humble/local/lib/python3.10/dist-packages'), ('LC_NUMERIC', 'en_US.UTF-8'), ('TZ', 'CST-08:00'), ('LC_PAPER', 'en_US.UTF-8'), ('COLCON', '1'), ('_ZO_DOCTOR', '0'), ('LD_HWCAP_MASK', '0x00000000'), ('CMAKE_PREFIX_PATH', '/home/sunrise/robot/hobot_stereonet/ros2_h265_stereonet/install/ros2_h265_stereonet:/home/sunrise/livox_ws/install/livox_ros_driver2:/opt/ros/humble')]), 'shell': False}
[33.908779] (ros2_h265_stereonet) StdoutLine: {'line': b'-- Install configuration: "Release"\n'}
[33.909314] (ros2_h265_stereonet) StdoutLine: {'line': b'-- Installing: /home/sunrise/robot/hobot_stereonet/ros2_h265_stereonet/install/ros2_h265_stereonet/lib/ros2_h265_stereonet/stereo_h265_node\n'}
[33.911221] (ros2_h265_stereonet) StdoutLine: {'line': b'-- Set runtime path of "/home/sunrise/robot/hobot_stereonet/ros2_h265_stereonet/install/ros2_h265_stereonet/lib/ros2_h265_stereonet/stereo_h265_node" to ""\n'}
[33.911627] (ros2_h265_stereonet) StdoutLine: {'line': b'-- Up-to-date: /home/sunrise/robot/hobot_stereonet/ros2_h265_stereonet/install/ros2_h265_stereonet/share/ros2_h265_stereonet/launch\n'}
[33.911796] (ros2_h265_stereonet) StdoutLine: {'line': b'-- Up-to-date: /home/sunrise/robot/hobot_stereonet/ros2_h265_stereonet/install/ros2_h265_stereonet/share/ros2_h265_stereonet/launch/stereo_h265.launch.py\n'}
[33.911935] (ros2_h265_stereonet) StdoutLine: {'line': b'-- Up-to-date: /home/sunrise/robot/hobot_stereonet/ros2_h265_stereonet/install/ros2_h265_stereonet/share/ros2_h265_stereonet/config\n'}
[33.912059] (ros2_h265_stereonet) StdoutLine: {'line': b'-- Up-to-date: /home/sunrise/robot/hobot_stereonet/ros2_h265_stereonet/install/ros2_h265_stereonet/share/ros2_h265_stereonet/config/vita_calib.yaml\n'}
[33.912175] (ros2_h265_stereonet) StdoutLine: {'line': b'-- Up-to-date: /home/sunrise/robot/hobot_stereonet/ros2_h265_stereonet/install/ros2_h265_stereonet/share/ros2_h265_stereonet/config/stereo_h265_params.yaml\n'}
[33.912294] (ros2_h265_stereonet) StdoutLine: {'line': b'-- Up-to-date: /home/sunrise/robot/hobot_stereonet/ros2_h265_stereonet/install/ros2_h265_stereonet/share/ament_index/resource_index/package_run_dependencies/ros2_h265_stereonet\n'}
[33.912408] (ros2_h265_stereonet) StdoutLine: {'line': b'-- Installing: /home/sunrise/robot/hobot_stereonet/ros2_h265_stereonet/install/ros2_h265_stereonet/share/ament_index/resource_index/parent_prefix_path/ros2_h265_stereonet\n'}
[33.912725] (ros2_h265_stereonet) StdoutLine: {'line': b'-- Up-to-date: /home/sunrise/robot/hobot_stereonet/ros2_h265_stereonet/install/ros2_h265_stereonet/share/ros2_h265_stereonet/environment/ament_prefix_path.sh\n'}
[33.913070] (ros2_h265_stereonet) StdoutLine: {'line': b'-- Installing: /home/sunrise/robot/hobot_stereonet/ros2_h265_stereonet/install/ros2_h265_stereonet/share/ros2_h265_stereonet/environment/ament_prefix_path.dsv\n'}
[33.913499] (ros2_h265_stereonet) StdoutLine: {'line': b'-- Up-to-date: /home/sunrise/robot/hobot_stereonet/ros2_h265_stereonet/install/ros2_h265_stereonet/share/ros2_h265_stereonet/environment/path.sh\n'}
[33.913657] (ros2_h265_stereonet) StdoutLine: {'line': b'-- Installing: /home/sunrise/robot/hobot_stereonet/ros2_h265_stereonet/install/ros2_h265_stereonet/share/ros2_h265_stereonet/environment/path.dsv\n'}
[33.913793] (ros2_h265_stereonet) StdoutLine: {'line': b'-- Up-to-date: /home/sunrise/robot/hobot_stereonet/ros2_h265_stereonet/install/ros2_h265_stereonet/share/ros2_h265_stereonet/local_setup.bash\n'}
[33.913925] (ros2_h265_stereonet) StdoutLine: {'line': b'-- Up-to-date: /home/sunrise/robot/hobot_stereonet/ros2_h265_stereonet/install/ros2_h265_stereonet/share/ros2_h265_stereonet/local_setup.sh\n'}
[33.914045] (ros2_h265_stereonet) StdoutLine: {'line': b'-- Up-to-date: /home/sunrise/robot/hobot_stereonet/ros2_h265_stereonet/install/ros2_h265_stereonet/share/ros2_h265_stereonet/local_setup.zsh\n'}
[33.914372] (ros2_h265_stereonet) StdoutLine: {'line': b'-- Installing: /home/sunrise/robot/hobot_stereonet/ros2_h265_stereonet/install/ros2_h265_stereonet/share/ros2_h265_stereonet/local_setup.dsv\n'}
[33.915194] (ros2_h265_stereonet) StdoutLine: {'line': b'-- Installing: /home/sunrise/robot/hobot_stereonet/ros2_h265_stereonet/install/ros2_h265_stereonet/share/ros2_h265_stereonet/package.dsv\n'}
[33.915439] (ros2_h265_stereonet) StdoutLine: {'line': b'-- Up-to-date: /home/sunrise/robot/hobot_stereonet/ros2_h265_stereonet/install/ros2_h265_stereonet/share/ament_index/resource_index/packages/ros2_h265_stereonet\n'}
[33.915702] (ros2_h265_stereonet) StdoutLine: {'line': b'-- Up-to-date: /home/sunrise/robot/hobot_stereonet/ros2_h265_stereonet/install/ros2_h265_stereonet/share/ros2_h265_stereonet/cmake/ros2_h265_stereonetConfig.cmake\n'}
[33.916129] (ros2_h265_stereonet) StdoutLine: {'line': b'-- Up-to-date: /home/sunrise/robot/hobot_stereonet/ros2_h265_stereonet/install/ros2_h265_stereonet/share/ros2_h265_stereonet/cmake/ros2_h265_stereonetConfig-version.cmake\n'}
[33.916522] (ros2_h265_stereonet) StdoutLine: {'line': b'-- Up-to-date: /home/sunrise/robot/hobot_stereonet/ros2_h265_stereonet/install/ros2_h265_stereonet/share/ros2_h265_stereonet/package.xml\n'}
[33.916727] (ros2_h265_stereonet) CommandEnded: {'returncode': 0}
[33.946010] (ros2_h265_stereonet) JobEnded: {'identifier': 'ros2_h265_stereonet', 'rc': 0}
[33.947325] (-) EventReactorShutdown: {}
