[0.018s] Invoking command in '/home/sunrise/robot/hobot_stereonet/ros2_h265_stereonet/build/ros2_h265_stereonet': CMAKE_PREFIX_PATH=${CMAKE_PREFIX_PATH}:/opt/ros/humble /usr/bin/cmake --build /home/sunrise/robot/hobot_stereonet/ros2_h265_stereonet/build/ros2_h265_stereonet -- -j6 -l6
[0.073s] [35m[1mConsolidate compiler generated dependencies of target stereo_h265_node[0m
[0.148s] [ 12%] [32mBuilding CXX object CMakeFiles/stereo_h265_node.dir/src/stereo_h265_node.cpp.o[0m
[7.087s] In file included from [01m[K/home/sunrise/robot/hobot_stereonet/ros2_h265_stereonet/../include/stereonet_process.h:23[m[K,
[7.087s]                  from [01m[K/home/sunrise/robot/hobot_stereonet/ros2_h265_stereonet/src/stereo_h265_node.cpp:29[m[K:
[7.087s] [01m[K/home/sunrise/robot/hobot_stereonet/ros2_h265_stereonet/../include/log_macros.h:20:61:[m[K [01;36m[Knote: [m[K‘[01m[K#pragma message: Detected rclcpp.hpp → ROS2 logging enabled[m[K’
[7.088s]    20 | #pragma message("Detected rclcpp.hpp → ROS2 logging enabled"[01;36m[K)[m[K
[7.088s]       |                                                             [01;36m[K^[m[K
[34.262s] [ 25%] [32mBuilding CXX object CMakeFiles/stereo_h265_node.dir/home/sunrise/robot/hobot_stereonet/src/img_convert_utils.cpp.o[0m
[37.708s] [ 37%] [32mBuilding CXX object CMakeFiles/stereo_h265_node.dir/home/sunrise/robot/hobot_stereonet/src/stereonet_process.cpp.o[0m
[41.433s] In file included from [01m[K/home/sunrise/robot/hobot_stereonet/ros2_h265_stereonet/../include/stereonet_process.h:23[m[K,
[41.433s]                  from [01m[K/home/sunrise/robot/hobot_stereonet/src/stereonet_process.cpp:15[m[K:
[41.433s] [01m[K/home/sunrise/robot/hobot_stereonet/ros2_h265_stereonet/../include/log_macros.h:20:61:[m[K [01;36m[Knote: [m[K‘[01m[K#pragma message: Detected rclcpp.hpp → ROS2 logging enabled[m[K’
[41.434s]    20 | #pragma message("Detected rclcpp.hpp → ROS2 logging enabled"[01;36m[K)[m[K
[41.434s]       |                                                             [01;36m[K^[m[K
[53.293s] [ 50%] [32mBuilding CXX object CMakeFiles/stereo_h265_node.dir/src/h265_decoder.cpp.o[0m
[56.995s] [ 62%] [32m[1mLinking CXX executable stereo_h265_node[0m
[57.772s] [100%] Built target stereo_h265_node
[57.783s] Invoked command in '/home/sunrise/robot/hobot_stereonet/ros2_h265_stereonet/build/ros2_h265_stereonet' returned '0': CMAKE_PREFIX_PATH=${CMAKE_PREFIX_PATH}:/opt/ros/humble /usr/bin/cmake --build /home/sunrise/robot/hobot_stereonet/ros2_h265_stereonet/build/ros2_h265_stereonet -- -j6 -l6
[57.795s] Invoking command in '/home/sunrise/robot/hobot_stereonet/ros2_h265_stereonet/build/ros2_h265_stereonet': CMAKE_PREFIX_PATH=${CMAKE_PREFIX_PATH}:/opt/ros/humble /usr/bin/cmake --install /home/sunrise/robot/hobot_stereonet/ros2_h265_stereonet/build/ros2_h265_stereonet
[57.803s] -- Install configuration: "Release"
[57.803s] -- Installing: /home/sunrise/robot/hobot_stereonet/ros2_h265_stereonet/install/ros2_h265_stereonet/lib/ros2_h265_stereonet/stereo_h265_node
[57.806s] -- Set runtime path of "/home/sunrise/robot/hobot_stereonet/ros2_h265_stereonet/install/ros2_h265_stereonet/lib/ros2_h265_stereonet/stereo_h265_node" to ""
[57.806s] -- Up-to-date: /home/sunrise/robot/hobot_stereonet/ros2_h265_stereonet/install/ros2_h265_stereonet/share/ros2_h265_stereonet/launch
[57.806s] -- Up-to-date: /home/sunrise/robot/hobot_stereonet/ros2_h265_stereonet/install/ros2_h265_stereonet/share/ros2_h265_stereonet/launch/stereo_h265.launch.py
[57.806s] -- Up-to-date: /home/sunrise/robot/hobot_stereonet/ros2_h265_stereonet/install/ros2_h265_stereonet/share/ros2_h265_stereonet/config
[57.807s] -- Up-to-date: /home/sunrise/robot/hobot_stereonet/ros2_h265_stereonet/install/ros2_h265_stereonet/share/ros2_h265_stereonet/config/vita_calib.yaml
[57.807s] -- Up-to-date: /home/sunrise/robot/hobot_stereonet/ros2_h265_stereonet/install/ros2_h265_stereonet/share/ros2_h265_stereonet/config/stereo_h265_params.yaml
[57.807s] -- Up-to-date: /home/sunrise/robot/hobot_stereonet/ros2_h265_stereonet/install/ros2_h265_stereonet/share/ament_index/resource_index/package_run_dependencies/ros2_h265_stereonet
[57.807s] -- Up-to-date: /home/sunrise/robot/hobot_stereonet/ros2_h265_stereonet/install/ros2_h265_stereonet/share/ament_index/resource_index/parent_prefix_path/ros2_h265_stereonet
[57.807s] -- Up-to-date: /home/sunrise/robot/hobot_stereonet/ros2_h265_stereonet/install/ros2_h265_stereonet/share/ros2_h265_stereonet/environment/ament_prefix_path.sh
[57.807s] -- Up-to-date: /home/sunrise/robot/hobot_stereonet/ros2_h265_stereonet/install/ros2_h265_stereonet/share/ros2_h265_stereonet/environment/ament_prefix_path.dsv
[57.807s] -- Up-to-date: /home/sunrise/robot/hobot_stereonet/ros2_h265_stereonet/install/ros2_h265_stereonet/share/ros2_h265_stereonet/environment/path.sh
[57.808s] -- Up-to-date: /home/sunrise/robot/hobot_stereonet/ros2_h265_stereonet/install/ros2_h265_stereonet/share/ros2_h265_stereonet/environment/path.dsv
[57.808s] -- Up-to-date: /home/sunrise/robot/hobot_stereonet/ros2_h265_stereonet/install/ros2_h265_stereonet/share/ros2_h265_stereonet/local_setup.bash
[57.808s] -- Up-to-date: /home/sunrise/robot/hobot_stereonet/ros2_h265_stereonet/install/ros2_h265_stereonet/share/ros2_h265_stereonet/local_setup.sh
[57.808s] -- Up-to-date: /home/sunrise/robot/hobot_stereonet/ros2_h265_stereonet/install/ros2_h265_stereonet/share/ros2_h265_stereonet/local_setup.zsh
[57.808s] -- Up-to-date: /home/sunrise/robot/hobot_stereonet/ros2_h265_stereonet/install/ros2_h265_stereonet/share/ros2_h265_stereonet/local_setup.dsv
[57.808s] -- Installing: /home/sunrise/robot/hobot_stereonet/ros2_h265_stereonet/install/ros2_h265_stereonet/share/ros2_h265_stereonet/package.dsv
[57.808s] -- Up-to-date: /home/sunrise/robot/hobot_stereonet/ros2_h265_stereonet/install/ros2_h265_stereonet/share/ament_index/resource_index/packages/ros2_h265_stereonet
[57.809s] -- Up-to-date: /home/sunrise/robot/hobot_stereonet/ros2_h265_stereonet/install/ros2_h265_stereonet/share/ros2_h265_stereonet/cmake/ros2_h265_stereonetConfig.cmake
[57.809s] -- Up-to-date: /home/sunrise/robot/hobot_stereonet/ros2_h265_stereonet/install/ros2_h265_stereonet/share/ros2_h265_stereonet/cmake/ros2_h265_stereonetConfig-version.cmake
[57.810s] -- Up-to-date: /home/sunrise/robot/hobot_stereonet/ros2_h265_stereonet/install/ros2_h265_stereonet/share/ros2_h265_stereonet/package.xml
[57.810s] Invoked command in '/home/sunrise/robot/hobot_stereonet/ros2_h265_stereonet/build/ros2_h265_stereonet' returned '0': CMAKE_PREFIX_PATH=${CMAKE_PREFIX_PATH}:/opt/ros/humble /usr/bin/cmake --install /home/sunrise/robot/hobot_stereonet/ros2_h265_stereonet/build/ros2_h265_stereonet
