[0.163s] DEBUG:colcon:Command line arguments: ['/usr/bin/colcon', 'build', '--cmake-args', '-DPLATFORM_S100=ON']
[0.163s] DEBUG:colcon:Parsed command line arguments: Namespace(log_base=None, log_level=None, verb_name='build', build_base='build', install_base='install', merge_install=False, symlink_install=False, test_result_base=None, continue_on_error=False, executor='parallel', parallel_workers=6, event_handlers=None, ignore_user_meta=False, metas=['./colcon.meta'], base_paths=['.'], packages_ignore=None, packages_ignore_regex=None, paths=None, packages_up_to=None, packages_up_to_regex=None, packages_above=None, packages_above_and_dependencies=None, packages_above_depth=None, packages_select_by_dep=None, packages_skip_by_dep=None, packages_skip_up_to=None, packages_select_build_failed=False, packages_skip_build_finished=False, packages_select_test_failures=False, packages_skip_test_passed=False, packages_select=None, packages_skip=None, packages_select_regex=None, packages_skip_regex=None, packages_start=None, packages_end=None, allow_overriding=[], cmake_args=['-DPLATFORM_S100=ON'], cmake_target=None, cmake_target_skip_unavailable=False, cmake_clean_cache=False, cmake_clean_first=False, cmake_force_configure=False, ament_cmake_args=None, catkin_cmake_args=None, catkin_skip_building_tests=False, verb_parser=<colcon_defaults.argument_parser.defaults.DefaultArgumentsDecorator object at 0xffffb2c1c2e0>, verb_extension=<colcon_core.verb.build.BuildVerb object at 0xffffb2d8dd50>, main=<bound method BuildVerb.main of <colcon_core.verb.build.BuildVerb object at 0xffffb2d8dd50>>)
[0.229s] Level 1:colcon.colcon_core.package_discovery:discover_packages(colcon_meta) check parameters
[0.229s] Level 1:colcon.colcon_core.package_discovery:discover_packages(recursive) check parameters
[0.230s] Level 1:colcon.colcon_core.package_discovery:discover_packages(ignore) check parameters
[0.230s] Level 1:colcon.colcon_core.package_discovery:discover_packages(path) check parameters
[0.230s] Level 1:colcon.colcon_core.package_discovery:discover_packages(colcon_meta) discover
[0.230s] Level 1:colcon.colcon_core.package_discovery:discover_packages(recursive) discover
[0.230s] INFO:colcon.colcon_core.package_discovery:Crawling recursively for packages in '/home/sunrise/robot/hobot_stereonet/ros2_h265_stereonet'
[0.231s] Level 1:colcon.colcon_core.package_identification:_identify(.) by extensions ['ignore', 'ignore_ament_install']
[0.231s] Level 1:colcon.colcon_core.package_identification:_identify(.) by extension 'ignore'
[0.231s] Level 1:colcon.colcon_core.package_identification:_identify(.) by extension 'ignore_ament_install'
[0.232s] Level 1:colcon.colcon_core.package_identification:_identify(.) by extensions ['colcon_pkg']
[0.232s] Level 1:colcon.colcon_core.package_identification:_identify(.) by extension 'colcon_pkg'
[0.232s] Level 1:colcon.colcon_core.package_identification:_identify(.) by extensions ['colcon_meta']
[0.232s] Level 1:colcon.colcon_core.package_identification:_identify(.) by extension 'colcon_meta'
[0.232s] Level 1:colcon.colcon_core.package_identification:_identify(.) by extensions ['ros']
[0.233s] Level 1:colcon.colcon_core.package_identification:_identify(.) by extension 'ros'
[0.260s] DEBUG:colcon.colcon_core.package_identification:Package '.' with type 'ros.ament_cmake' and name 'ros2_h265_stereonet'
[0.260s] Level 1:colcon.colcon_core.package_discovery:discover_packages(recursive) using defaults
[0.260s] Level 1:colcon.colcon_core.package_discovery:discover_packages(ignore) discover
[0.260s] Level 1:colcon.colcon_core.package_discovery:discover_packages(ignore) using defaults
[0.260s] Level 1:colcon.colcon_core.package_discovery:discover_packages(path) discover
[0.260s] Level 1:colcon.colcon_core.package_discovery:discover_packages(path) using defaults
[0.291s] Level 1:colcon.colcon_core.package_discovery:discover_packages(prefix_path) check parameters
[0.291s] Level 1:colcon.colcon_core.package_discovery:discover_packages(prefix_path) discover
[0.294s] DEBUG:colcon.colcon_installed_package_information.package_discovery:Found 2 installed packages in /home/sunrise/livox_ws/install
[0.295s] DEBUG:colcon.colcon_installed_package_information.package_discovery:Found 270 installed packages in /opt/ros/humble
[0.297s] Level 1:colcon.colcon_core.package_discovery:discover_packages(prefix_path) using defaults
[0.345s] Level 5:colcon.colcon_core.verb:set package 'ros2_h265_stereonet' build argument 'cmake_args' from command line to '['-DPLATFORM_S100=ON']'
[0.345s] Level 5:colcon.colcon_core.verb:set package 'ros2_h265_stereonet' build argument 'cmake_target' from command line to 'None'
[0.345s] Level 5:colcon.colcon_core.verb:set package 'ros2_h265_stereonet' build argument 'cmake_target_skip_unavailable' from command line to 'False'
[0.345s] Level 5:colcon.colcon_core.verb:set package 'ros2_h265_stereonet' build argument 'cmake_clean_cache' from command line to 'False'
[0.345s] Level 5:colcon.colcon_core.verb:set package 'ros2_h265_stereonet' build argument 'cmake_clean_first' from command line to 'False'
[0.345s] Level 5:colcon.colcon_core.verb:set package 'ros2_h265_stereonet' build argument 'cmake_force_configure' from command line to 'False'
[0.345s] Level 5:colcon.colcon_core.verb:set package 'ros2_h265_stereonet' build argument 'ament_cmake_args' from command line to 'None'
[0.345s] Level 5:colcon.colcon_core.verb:set package 'ros2_h265_stereonet' build argument 'catkin_cmake_args' from command line to 'None'
[0.345s] Level 5:colcon.colcon_core.verb:set package 'ros2_h265_stereonet' build argument 'catkin_skip_building_tests' from command line to 'False'
[0.345s] DEBUG:colcon.colcon_core.verb:Building package 'ros2_h265_stereonet' with the following arguments: {'ament_cmake_args': None, 'build_base': '/home/sunrise/robot/hobot_stereonet/ros2_h265_stereonet/build/ros2_h265_stereonet', 'catkin_cmake_args': None, 'catkin_skip_building_tests': False, 'cmake_args': ['-DPLATFORM_S100=ON'], 'cmake_clean_cache': False, 'cmake_clean_first': False, 'cmake_force_configure': False, 'cmake_target': None, 'cmake_target_skip_unavailable': False, 'install_base': '/home/sunrise/robot/hobot_stereonet/ros2_h265_stereonet/install/ros2_h265_stereonet', 'merge_install': False, 'path': '/home/sunrise/robot/hobot_stereonet/ros2_h265_stereonet', 'symlink_install': False, 'test_result_base': None}
[0.346s] INFO:colcon.colcon_core.executor:Executing jobs using 'parallel' executor
[0.347s] DEBUG:colcon.colcon_parallel_executor.executor.parallel:run_until_complete
[0.348s] INFO:colcon.colcon_ros.task.ament_cmake.build:Building ROS package in '/home/sunrise/robot/hobot_stereonet/ros2_h265_stereonet' with build type 'ament_cmake'
[0.348s] INFO:colcon.colcon_cmake.task.cmake.build:Building CMake package in '/home/sunrise/robot/hobot_stereonet/ros2_h265_stereonet'
[0.351s] INFO:colcon.colcon_core.plugin_system:Skipping extension 'colcon_core.shell.bat': Not used on non-Windows systems
[0.352s] INFO:colcon.colcon_core.shell:Skip shell extension 'powershell' for command environment: Not usable outside of PowerShell
[0.352s] DEBUG:colcon.colcon_core.shell:Skip shell extension 'dsv' for command environment
[0.364s] DEBUG:colcon.colcon_core.event_handler.log_command:Invoking command in '/home/sunrise/robot/hobot_stereonet/ros2_h265_stereonet/build/ros2_h265_stereonet': CMAKE_PREFIX_PATH=${CMAKE_PREFIX_PATH}:/opt/ros/humble /usr/bin/cmake /home/sunrise/robot/hobot_stereonet/ros2_h265_stereonet -DPLATFORM_S100=ON -DCMAKE_INSTALL_PREFIX=/home/sunrise/robot/hobot_stereonet/ros2_h265_stereonet/install/ros2_h265_stereonet
[2.833s] DEBUG:colcon.colcon_core.event_handler.log_command:Invoked command in '/home/sunrise/robot/hobot_stereonet/ros2_h265_stereonet/build/ros2_h265_stereonet' returned '0': CMAKE_PREFIX_PATH=${CMAKE_PREFIX_PATH}:/opt/ros/humble /usr/bin/cmake /home/sunrise/robot/hobot_stereonet/ros2_h265_stereonet -DPLATFORM_S100=ON -DCMAKE_INSTALL_PREFIX=/home/sunrise/robot/hobot_stereonet/ros2_h265_stereonet/install/ros2_h265_stereonet
[2.836s] DEBUG:colcon.colcon_core.event_handler.log_command:Invoking command in '/home/sunrise/robot/hobot_stereonet/ros2_h265_stereonet/build/ros2_h265_stereonet': CMAKE_PREFIX_PATH=${CMAKE_PREFIX_PATH}:/opt/ros/humble /usr/bin/cmake --build /home/sunrise/robot/hobot_stereonet/ros2_h265_stereonet/build/ros2_h265_stereonet -- -j6 -l6
[69.720s] DEBUG:colcon.colcon_core.event_handler.log_command:Invoked command in '/home/sunrise/robot/hobot_stereonet/ros2_h265_stereonet/build/ros2_h265_stereonet' returned '0': CMAKE_PREFIX_PATH=${CMAKE_PREFIX_PATH}:/opt/ros/humble /usr/bin/cmake --build /home/sunrise/robot/hobot_stereonet/ros2_h265_stereonet/build/ros2_h265_stereonet -- -j6 -l6
[69.731s] DEBUG:colcon.colcon_core.event_handler.log_command:Invoking command in '/home/sunrise/robot/hobot_stereonet/ros2_h265_stereonet/build/ros2_h265_stereonet': CMAKE_PREFIX_PATH=${CMAKE_PREFIX_PATH}:/opt/ros/humble /usr/bin/cmake --install /home/sunrise/robot/hobot_stereonet/ros2_h265_stereonet/build/ros2_h265_stereonet
[69.747s] Level 1:colcon.colcon_core.environment:create_environment_scripts_only(ros2_h265_stereonet)
[69.748s] DEBUG:colcon.colcon_core.event_handler.log_command:Invoked command in '/home/sunrise/robot/hobot_stereonet/ros2_h265_stereonet/build/ros2_h265_stereonet' returned '0': CMAKE_PREFIX_PATH=${CMAKE_PREFIX_PATH}:/opt/ros/humble /usr/bin/cmake --install /home/sunrise/robot/hobot_stereonet/ros2_h265_stereonet/build/ros2_h265_stereonet
[69.752s] Level 1:colcon.colcon_core.environment:checking '/home/sunrise/robot/hobot_stereonet/ros2_h265_stereonet/install/ros2_h265_stereonet' for CMake module files
[69.753s] Level 1:colcon.colcon_core.environment:checking '/home/sunrise/robot/hobot_stereonet/ros2_h265_stereonet/install/ros2_h265_stereonet' for CMake config files
[69.753s] Level 1:colcon.colcon_core.shell:create_environment_hook('ros2_h265_stereonet', 'cmake_prefix_path')
[69.754s] INFO:colcon.colcon_core.shell:Creating environment hook '/home/sunrise/robot/hobot_stereonet/ros2_h265_stereonet/install/ros2_h265_stereonet/share/ros2_h265_stereonet/hook/cmake_prefix_path.ps1'
[69.755s] INFO:colcon.colcon_core.shell:Creating environment descriptor '/home/sunrise/robot/hobot_stereonet/ros2_h265_stereonet/install/ros2_h265_stereonet/share/ros2_h265_stereonet/hook/cmake_prefix_path.dsv'
[69.756s] INFO:colcon.colcon_core.shell:Creating environment hook '/home/sunrise/robot/hobot_stereonet/ros2_h265_stereonet/install/ros2_h265_stereonet/share/ros2_h265_stereonet/hook/cmake_prefix_path.sh'
[69.758s] Level 1:colcon.colcon_core.environment:checking '/home/sunrise/robot/hobot_stereonet/ros2_h265_stereonet/install/ros2_h265_stereonet/lib'
[69.758s] Level 1:colcon.colcon_core.environment:checking '/home/sunrise/robot/hobot_stereonet/ros2_h265_stereonet/install/ros2_h265_stereonet/bin'
[69.758s] Level 1:colcon.colcon_core.environment:checking '/home/sunrise/robot/hobot_stereonet/ros2_h265_stereonet/install/ros2_h265_stereonet/lib/pkgconfig/ros2_h265_stereonet.pc'
[69.759s] Level 1:colcon.colcon_core.environment:checking '/home/sunrise/robot/hobot_stereonet/ros2_h265_stereonet/install/ros2_h265_stereonet/lib/python3.10/site-packages'
[69.759s] Level 1:colcon.colcon_core.environment:checking '/home/sunrise/robot/hobot_stereonet/ros2_h265_stereonet/install/ros2_h265_stereonet/bin'
[69.760s] INFO:colcon.colcon_core.shell:Creating package script '/home/sunrise/robot/hobot_stereonet/ros2_h265_stereonet/install/ros2_h265_stereonet/share/ros2_h265_stereonet/package.ps1'
[69.762s] INFO:colcon.colcon_core.shell:Creating package descriptor '/home/sunrise/robot/hobot_stereonet/ros2_h265_stereonet/install/ros2_h265_stereonet/share/ros2_h265_stereonet/package.dsv'
[69.763s] INFO:colcon.colcon_core.shell:Creating package script '/home/sunrise/robot/hobot_stereonet/ros2_h265_stereonet/install/ros2_h265_stereonet/share/ros2_h265_stereonet/package.sh'
[69.764s] INFO:colcon.colcon_core.shell:Creating package script '/home/sunrise/robot/hobot_stereonet/ros2_h265_stereonet/install/ros2_h265_stereonet/share/ros2_h265_stereonet/package.bash'
[69.766s] INFO:colcon.colcon_core.shell:Creating package script '/home/sunrise/robot/hobot_stereonet/ros2_h265_stereonet/install/ros2_h265_stereonet/share/ros2_h265_stereonet/package.zsh'
[69.767s] Level 1:colcon.colcon_core.environment:create_file_with_runtime_dependencies(/home/sunrise/robot/hobot_stereonet/ros2_h265_stereonet/install/ros2_h265_stereonet/share/colcon-core/packages/ros2_h265_stereonet)
[69.768s] Level 1:colcon.colcon_core.environment:create_environment_scripts_only(ros2_h265_stereonet)
[69.768s] Level 1:colcon.colcon_core.environment:checking '/home/sunrise/robot/hobot_stereonet/ros2_h265_stereonet/install/ros2_h265_stereonet' for CMake module files
[69.769s] Level 1:colcon.colcon_core.environment:checking '/home/sunrise/robot/hobot_stereonet/ros2_h265_stereonet/install/ros2_h265_stereonet' for CMake config files
[69.770s] Level 1:colcon.colcon_core.shell:create_environment_hook('ros2_h265_stereonet', 'cmake_prefix_path')
[69.770s] INFO:colcon.colcon_core.shell:Creating environment hook '/home/sunrise/robot/hobot_stereonet/ros2_h265_stereonet/install/ros2_h265_stereonet/share/ros2_h265_stereonet/hook/cmake_prefix_path.ps1'
[69.771s] INFO:colcon.colcon_core.shell:Creating environment descriptor '/home/sunrise/robot/hobot_stereonet/ros2_h265_stereonet/install/ros2_h265_stereonet/share/ros2_h265_stereonet/hook/cmake_prefix_path.dsv'
[69.772s] INFO:colcon.colcon_core.shell:Creating environment hook '/home/sunrise/robot/hobot_stereonet/ros2_h265_stereonet/install/ros2_h265_stereonet/share/ros2_h265_stereonet/hook/cmake_prefix_path.sh'
[69.773s] Level 1:colcon.colcon_core.environment:checking '/home/sunrise/robot/hobot_stereonet/ros2_h265_stereonet/install/ros2_h265_stereonet/lib'
[69.774s] Level 1:colcon.colcon_core.environment:checking '/home/sunrise/robot/hobot_stereonet/ros2_h265_stereonet/install/ros2_h265_stereonet/bin'
[69.774s] Level 1:colcon.colcon_core.environment:checking '/home/sunrise/robot/hobot_stereonet/ros2_h265_stereonet/install/ros2_h265_stereonet/lib/pkgconfig/ros2_h265_stereonet.pc'
[69.774s] Level 1:colcon.colcon_core.environment:checking '/home/sunrise/robot/hobot_stereonet/ros2_h265_stereonet/install/ros2_h265_stereonet/lib/python3.10/site-packages'
[69.775s] Level 1:colcon.colcon_core.environment:checking '/home/sunrise/robot/hobot_stereonet/ros2_h265_stereonet/install/ros2_h265_stereonet/bin'
[69.775s] INFO:colcon.colcon_core.shell:Creating package script '/home/sunrise/robot/hobot_stereonet/ros2_h265_stereonet/install/ros2_h265_stereonet/share/ros2_h265_stereonet/package.ps1'
[69.777s] INFO:colcon.colcon_core.shell:Creating package descriptor '/home/sunrise/robot/hobot_stereonet/ros2_h265_stereonet/install/ros2_h265_stereonet/share/ros2_h265_stereonet/package.dsv'
[69.778s] INFO:colcon.colcon_core.shell:Creating package script '/home/sunrise/robot/hobot_stereonet/ros2_h265_stereonet/install/ros2_h265_stereonet/share/ros2_h265_stereonet/package.sh'
[69.779s] INFO:colcon.colcon_core.shell:Creating package script '/home/sunrise/robot/hobot_stereonet/ros2_h265_stereonet/install/ros2_h265_stereonet/share/ros2_h265_stereonet/package.bash'
[69.780s] INFO:colcon.colcon_core.shell:Creating package script '/home/sunrise/robot/hobot_stereonet/ros2_h265_stereonet/install/ros2_h265_stereonet/share/ros2_h265_stereonet/package.zsh'
[69.781s] Level 1:colcon.colcon_core.environment:create_file_with_runtime_dependencies(/home/sunrise/robot/hobot_stereonet/ros2_h265_stereonet/install/ros2_h265_stereonet/share/colcon-core/packages/ros2_h265_stereonet)
[69.782s] DEBUG:colcon.colcon_parallel_executor.executor.parallel:closing loop
[69.782s] DEBUG:colcon.colcon_parallel_executor.executor.parallel:loop closed
[69.783s] DEBUG:colcon.colcon_parallel_executor.executor.parallel:run_until_complete finished with '0'
[69.783s] DEBUG:colcon.colcon_core.event_reactor:joining thread
[69.791s] INFO:colcon.colcon_core.plugin_system:Skipping extension 'colcon_notification.desktop_notification.terminal_notifier': Not used on non-Darwin systems
[69.792s] INFO:colcon.colcon_core.plugin_system:Skipping extension 'colcon_notification.desktop_notification.win32': Not used on non-Windows systems
[69.792s] INFO:colcon.colcon_notification.desktop_notification:Sending desktop notification using 'notify2'
[69.807s] DEBUG:colcon.colcon_core.event_reactor:joined thread
[69.808s] INFO:colcon.colcon_core.shell:Creating prefix script '/home/sunrise/robot/hobot_stereonet/ros2_h265_stereonet/install/local_setup.ps1'
[69.810s] INFO:colcon.colcon_core.shell:Creating prefix util module '/home/sunrise/robot/hobot_stereonet/ros2_h265_stereonet/install/_local_setup_util_ps1.py'
[69.812s] INFO:colcon.colcon_core.shell:Creating prefix chain script '/home/sunrise/robot/hobot_stereonet/ros2_h265_stereonet/install/setup.ps1'
[69.814s] INFO:colcon.colcon_core.shell:Creating prefix script '/home/sunrise/robot/hobot_stereonet/ros2_h265_stereonet/install/local_setup.sh'
[69.815s] INFO:colcon.colcon_core.shell:Creating prefix util module '/home/sunrise/robot/hobot_stereonet/ros2_h265_stereonet/install/_local_setup_util_sh.py'
[69.816s] INFO:colcon.colcon_core.shell:Creating prefix chain script '/home/sunrise/robot/hobot_stereonet/ros2_h265_stereonet/install/setup.sh'
[69.818s] INFO:colcon.colcon_core.shell:Creating prefix script '/home/sunrise/robot/hobot_stereonet/ros2_h265_stereonet/install/local_setup.bash'
[69.819s] INFO:colcon.colcon_core.shell:Creating prefix chain script '/home/sunrise/robot/hobot_stereonet/ros2_h265_stereonet/install/setup.bash'
[69.821s] INFO:colcon.colcon_core.shell:Creating prefix script '/home/sunrise/robot/hobot_stereonet/ros2_h265_stereonet/install/local_setup.zsh'
[69.822s] INFO:colcon.colcon_core.shell:Creating prefix chain script '/home/sunrise/robot/hobot_stereonet/ros2_h265_stereonet/install/setup.zsh'
