[0.015s] Invoking command in '/home/sunrise/robot/hobot_stereonet/ros2_h265_stereonet/build/ros2_h265_stereonet': CMAKE_PREFIX_PATH=${CMAKE_PREFIX_PATH}:/opt/ros/humble /usr/bin/cmake /home/sunrise/robot/hobot_stereonet/ros2_h265_stereonet -DPLATFORM_S100=ON -DCMAKE_INSTALL_PREFIX=/home/sunrise/robot/hobot_stereonet/ros2_h265_stereonet/install/ros2_h265_stereonet
[0.081s] -- The C compiler identification is GNU 11.4.0
[0.147s] -- The CXX compiler identification is GNU 11.4.0
[0.157s] -- Detecting C compiler ABI info
[0.237s] -- Detecting C compiler ABI info - done
[0.246s] -- Check for working C compiler: /usr/bin/cc - skipped
[0.246s] -- Detecting C compile features
[0.247s] -- Detecting C compile features - done
[0.251s] -- Detecting CXX compiler ABI info
[0.344s] -- Detecting CXX compiler ABI info - done
[0.354s] -- Check for working CXX compiler: /usr/bin/c++ - skipped
[0.354s] -- Detecting CXX compile features
[0.355s] -- Detecting CXX compile features - done
[0.356s] -- ros2_h265_stereonet build platform S100
[0.358s] -- Found ament_cmake: 1.3.12 (/opt/ros/humble/share/ament_cmake/cmake)
[0.960s] -- Found Python3: /usr/bin/python3 (found version "3.10.12") found components: Interpreter 
[1.086s] -- Found rclcpp: 16.0.17 (/opt/ros/humble/share/rclcpp/cmake)
[1.136s] -- Found rosidl_generator_c: 3.1.8 (/opt/ros/humble/share/rosidl_generator_c/cmake)
[1.142s] -- Found rosidl_adapter: 3.1.8 (/opt/ros/humble/share/rosidl_adapter/cmake)
[1.153s] -- Found rosidl_generator_cpp: 3.1.8 (/opt/ros/humble/share/rosidl_generator_cpp/cmake)
[1.169s] -- Using all available rosidl_typesupport_c: rosidl_typesupport_fastrtps_c;rosidl_typesupport_introspection_c
[1.191s] -- Using all available rosidl_typesupport_cpp: rosidl_typesupport_fastrtps_cpp;rosidl_typesupport_introspection_cpp
[1.250s] -- Found rmw_implementation_cmake: 6.1.2 (/opt/ros/humble/share/rmw_implementation_cmake/cmake)
[1.253s] -- Found rmw_fastrtps_cpp: 6.2.9 (/opt/ros/humble/share/rmw_fastrtps_cpp/cmake)
[1.352s] -- Found OpenSSL: /usr/lib/aarch64-linux-gnu/libcrypto.so (found version "3.0.2")  
[1.380s] -- Found FastRTPS: /opt/ros/humble/include  
[1.425s] -- Using RMW implementation 'rmw_fastrtps_cpp' as default
[1.436s] -- Looking for pthread.h
[1.524s] -- Looking for pthread.h - found
[1.524s] -- Performing Test CMAKE_HAVE_LIBC_PTHREAD
[1.614s] -- Performing Test CMAKE_HAVE_LIBC_PTHREAD - Success
[1.614s] -- Found Threads: TRUE  
[1.683s] -- Found sensor_msgs: 4.9.0 (/opt/ros/humble/share/sensor_msgs/cmake)
[1.725s] -- Found foxglove_msgs: 3.2.4 (/opt/ros/humble/share/foxglove_msgs/cmake)
[1.756s] -- Found OpenCV: /usr (found version "4.5.4") 
[2.043s] -- Found OpenMP_C: -fopenmp (found version "4.5") 
[2.151s] -- Found OpenMP_CXX: -fopenmp (found version "4.5") 
[2.152s] -- Found OpenMP: TRUE (found version "4.5")  
[2.157s] -- Found PkgConfig: /usr/bin/pkg-config (found version "0.29.2") 
[2.158s] -- Checking for modules 'libavcodec;libavutil;libswscale'
[2.177s] --   Found libavcodec, version 58.134.100
[2.188s] --   Found libavutil, version 56.70.100
[2.199s] --   Found libswscale, version 5.9.100
[2.236s] -- SYS_ROOT is 
[2.236s] -- Preferred ROS distribution: humble
[2.345s] -- Configuring done
[2.372s] -- Generating done
[2.381s] -- Build files have been written to: /home/sunrise/robot/hobot_stereonet/ros2_h265_stereonet/build/ros2_h265_stereonet
[2.395s] Invoked command in '/home/sunrise/robot/hobot_stereonet/ros2_h265_stereonet/build/ros2_h265_stereonet' returned '0': CMAKE_PREFIX_PATH=${CMAKE_PREFIX_PATH}:/opt/ros/humble /usr/bin/cmake /home/sunrise/robot/hobot_stereonet/ros2_h265_stereonet -DPLATFORM_S100=ON -DCMAKE_INSTALL_PREFIX=/home/sunrise/robot/hobot_stereonet/ros2_h265_stereonet/install/ros2_h265_stereonet
[2.398s] Invoking command in '/home/sunrise/robot/hobot_stereonet/ros2_h265_stereonet/build/ros2_h265_stereonet': CMAKE_PREFIX_PATH=${CMAKE_PREFIX_PATH}:/opt/ros/humble /usr/bin/cmake --build /home/sunrise/robot/hobot_stereonet/ros2_h265_stereonet/build/ros2_h265_stereonet -- -j6 -l6
[2.453s] [ 12%] [32mBuilding CXX object CMakeFiles/stereo_h265_node.dir/src/stereo_h265_node.cpp.o[0m
[3.196s] In file included from [01m[K/home/sunrise/robot/hobot_stereonet/ros2_h265_stereonet/../include/stereonet_process.h:33[m[K,
[3.197s]                  from [01m[K/home/sunrise/robot/hobot_stereonet/ros2_h265_stereonet/src/stereo_h265_node.cpp:29[m[K:
[3.197s] [01m[K/home/sunrise/robot/hobot_stereonet/ros2_h265_stereonet/../include/pub_data.h:20:10:[m[K [01;31m[Kfatal error: [m[Kpcl/point_cloud.h: No such file or directory
[3.197s]    20 | #include [01;31m[K"pcl/point_cloud.h"[m[K
[3.197s]       |          [01;31m[K^~~~~~~~~~~~~~~~~~~[m[K
[3.197s] compilation terminated.
[3.198s] gmake[2]: *** [CMakeFiles/stereo_h265_node.dir/build.make:76: CMakeFiles/stereo_h265_node.dir/src/stereo_h265_node.cpp.o] Error 1
[3.198s] gmake[1]: *** [CMakeFiles/Makefile2:137: CMakeFiles/stereo_h265_node.dir/all] Error 2
[3.198s] gmake: *** [Makefile:146: all] Error 2
[3.201s] Invoked command in '/home/sunrise/robot/hobot_stereonet/ros2_h265_stereonet/build/ros2_h265_stereonet' returned '2': CMAKE_PREFIX_PATH=${CMAKE_PREFIX_PATH}:/opt/ros/humble /usr/bin/cmake --build /home/sunrise/robot/hobot_stereonet/ros2_h265_stereonet/build/ros2_h265_stereonet -- -j6 -l6
