[100%] Built target stereo_h265_node
-- Install configuration: "Release"
-- Installing: /home/sunrise/robot/hobot_stereonet/ros2_h265_stereonet/install/ros2_h265_stereonet/lib/ros2_h265_stereonet/stereo_h265_node
-- Set runtime path of "/home/sunrise/robot/hobot_stereonet/ros2_h265_stereonet/install/ros2_h265_stereonet/lib/ros2_h265_stereonet/stereo_h265_node" to ""
-- Installing: /home/sunrise/robot/hobot_stereonet/ros2_h265_stereonet/install/ros2_h265_stereonet/share/ros2_h265_stereonet/launch
-- Installing: /home/sunrise/robot/hobot_stereonet/ros2_h265_stereonet/install/ros2_h265_stereonet/share/ros2_h265_stereonet/launch/stereo_h265.launch.py
-- Installing: /home/sunrise/robot/hobot_stereonet/ros2_h265_stereonet/install/ros2_h265_stereonet/share/ros2_h265_stereonet/config
-- Installing: /home/sunrise/robot/hobot_stereonet/ros2_h265_stereonet/install/ros2_h265_stereonet/share/ros2_h265_stereonet/config/vita_calib.yaml
-- Installing: /home/sunrise/robot/hobot_stereonet/ros2_h265_stereonet/install/ros2_h265_stereonet/share/ros2_h265_stereonet/config/stereo_h265_params.yaml
-- Installing: /home/sunrise/robot/hobot_stereonet/ros2_h265_stereonet/install/ros2_h265_stereonet/share/ament_index/resource_index/package_run_dependencies/ros2_h265_stereonet
-- Installing: /home/sunrise/robot/hobot_stereonet/ros2_h265_stereonet/install/ros2_h265_stereonet/share/ament_index/resource_index/parent_prefix_path/ros2_h265_stereonet
-- Installing: /home/sunrise/robot/hobot_stereonet/ros2_h265_stereonet/install/ros2_h265_stereonet/share/ros2_h265_stereonet/environment/ament_prefix_path.sh
-- Installing: /home/sunrise/robot/hobot_stereonet/ros2_h265_stereonet/install/ros2_h265_stereonet/share/ros2_h265_stereonet/environment/ament_prefix_path.dsv
-- Installing: /home/sunrise/robot/hobot_stereonet/ros2_h265_stereonet/install/ros2_h265_stereonet/share/ros2_h265_stereonet/environment/path.sh
-- Installing: /home/sunrise/robot/hobot_stereonet/ros2_h265_stereonet/install/ros2_h265_stereonet/share/ros2_h265_stereonet/environment/path.dsv
-- Installing: /home/sunrise/robot/hobot_stereonet/ros2_h265_stereonet/install/ros2_h265_stereonet/share/ros2_h265_stereonet/local_setup.bash
-- Installing: /home/sunrise/robot/hobot_stereonet/ros2_h265_stereonet/install/ros2_h265_stereonet/share/ros2_h265_stereonet/local_setup.sh
-- Installing: /home/sunrise/robot/hobot_stereonet/ros2_h265_stereonet/install/ros2_h265_stereonet/share/ros2_h265_stereonet/local_setup.zsh
-- Installing: /home/sunrise/robot/hobot_stereonet/ros2_h265_stereonet/install/ros2_h265_stereonet/share/ros2_h265_stereonet/local_setup.dsv
-- Installing: /home/sunrise/robot/hobot_stereonet/ros2_h265_stereonet/install/ros2_h265_stereonet/share/ros2_h265_stereonet/package.dsv
-- Installing: /home/sunrise/robot/hobot_stereonet/ros2_h265_stereonet/install/ros2_h265_stereonet/share/ament_index/resource_index/packages/ros2_h265_stereonet
-- Installing: /home/sunrise/robot/hobot_stereonet/ros2_h265_stereonet/install/ros2_h265_stereonet/share/ros2_h265_stereonet/cmake/ros2_h265_stereonetConfig.cmake
-- Installing: /home/sunrise/robot/hobot_stereonet/ros2_h265_stereonet/install/ros2_h265_stereonet/share/ros2_h265_stereonet/cmake/ros2_h265_stereonetConfig-version.cmake
-- Installing: /home/sunrise/robot/hobot_stereonet/ros2_h265_stereonet/install/ros2_h265_stereonet/share/ros2_h265_stereonet/package.xml
