[0.000000] (-) TimerEvent: {}
[0.000166] (ros2_h265_stereonet) JobQueued: {'identifier': 'ros2_h265_stereonet', 'dependencies': OrderedDict()}
[0.000755] (ros2_h265_stereonet) JobStarted: {'identifier': 'ros2_h265_stereonet'}
[0.012315] (ros2_h265_stereonet) JobProgress: {'identifier': 'ros2_h265_stereonet', 'progress': 'cmake'}
[0.013796] (ros2_h265_stereonet) Command: {'cmd': ['/usr/bin/cmake', '/home/sunrise/robot/hobot_stereonet/ros2_h265_stereonet', '-DCMAKE_INSTALL_PREFIX=/home/sunrise/robot/hobot_stereonet/ros2_h265_stereonet/install/ros2_h265_stereonet'], 'cwd': '/home/sunrise/robot/hobot_stereonet/ros2_h265_stereonet/build/ros2_h265_stereonet', 'env': OrderedDict([('LESSOPEN', '| /usr/bin/lesspipe %s'), ('VSCODE_CWD', '/home/sunrise'), ('VSCODE_ESM_ENTRYPOINT', 'vs/workbench/api/node/extensionHostProcess'), ('USER', 'sunrise'), ('SSH_CLIENT', '192.168.11.47 58104 22'), ('LC_TIME', 'en_US.UTF-8'), ('VSCODE_NLS_CONFIG', '{"userLocale":"en","osLocale":"en","resolvedLanguage":"en","defaultMessagesFile":"/home/sunrise/.cursor-server/bin/linux-arm64/68fbec5aed9da587d1c6a64172792f505bafa250/out/nls.messages.json","locale":"en","availableLanguages":{}}'), ('CI', '1'), ('VSCODE_HANDLES_UNCAUGHT_ERRORS', 'true'), ('XDG_SESSION_TYPE', 'tty'), ('HOBOT_ROOTFS_DIR', '/usr/hobot'), ('SHLVL', '1'), ('LD_LIBRARY_PATH', '/home/sunrise/livox_ws/install/livox_sdk2/lib:/home/sunrise/livox_ws/install/livox_ros_driver2/lib:/opt/ros/humble/opt/rviz_ogre_vendor/lib:/opt/ros/humble/lib/aarch64-linux-gnu:/opt/ros/humble/lib:/usr/lib/aarch64-linux-gnu:/lib/aarch64-linux-gnu:/app/lib:/app/pub/lib:/middleware/lib:/middleware/pub/lib:/usr/lib/gstreamer'), ('BROWSER', '/home/sunrise/.cursor-server/bin/linux-arm64/68fbec5aed9da587d1c6a64172792f505bafa250/bin/helpers/browser.sh'), ('MOTD_SHOWN', 'pam'), ('HOME', '/home/sunrise'), ('OLDPWD', '/home/sunrise/robot/hobot_stereonet/ros2_h265_stereonet'), ('VSCODE_IPC_HOOK_CLI', '/run/user/1000/vscode-ipc-02e81f16-0390-42b2-9608-2064cb93a741.sock'), ('ROS_PYTHON_VERSION', '3'), ('LC_MONETARY', 'en_US.UTF-8'), ('NO_COLOR', '1'), ('DBUS_SESSION_BUS_ADDRESS', 'unix:path=/run/user/1000/bus'), ('VSCODE_L10N_BUNDLE_LOCATION', ''), ('COLCON_PREFIX_PATH', '/home/sunrise/robot/hobot_stereonet/ros2_h265_stereonet/install:/home/sunrise/livox_ws/install'), ('ROS_DISTRO', 'humble'), ('OVSX_REGISTRY_URL', 'https://open-vsx.org'), ('LOGNAME', 'sunrise'), ('FORCE_COLOR', '0'), ('VSCODE_HANDLES_SIGPIPE', 'true'), ('_', '/usr/bin/colcon'), ('ROS_VERSION', '2'), ('XDG_SESSION_CLASS', 'user'), ('TERM', 'dumb'), ('XDG_SESSION_ID', '21'), ('ROS_LOCALHOST_ONLY', '0'), ('PATH', '/home/sunrise/.local/bin:/home/sunrise/.cursor-server/bin/linux-arm64/68fbec5aed9da587d1c6a64172792f505bafa250/bin/remote-cli:/home/sunrise/.local/bin:/opt/ros/humble/bin:/home/sunrise/.cursor-server/bin/linux-arm64/68fbec5aed9da587d1c6a64172792f505bafa250/bin/remote-cli:/home/sunrise/.local/bin:/usr/sbin:/usr/bin:/sbin:/bin:/usr/hobot/bin:/app/bin:/middleware/bin:/var/busybox:/usr/local/sbin:/usr/local/bin:/usr/games:/usr/local/games:/snap/bin'), ('VSCODE_AGENT_FOLDER', '/home/sunrise/.cursor-server'), ('PAPERSIZE', 'a4'), ('LC_ADDRESS', 'en_US.UTF-8'), ('XDG_RUNTIME_DIR', '/run/user/1000'), ('CURSOR_AGENT', '1'), ('LANG', 'en_US.UTF-8'), ('LC_TELEPHONE', 'en_US.UTF-8'), ('LOGLEVEL', '5'), ('LS_COLORS', ''), ('AMENT_PREFIX_PATH', '/home/sunrise/robot/hobot_stereonet/ros2_h265_stereonet/install/ros2_h265_stereonet:/home/sunrise/livox_ws/install/livox_ros_driver2:/opt/ros/humble'), ('SHELL', '/bin/bash'), ('LC_NAME', 'en_US.UTF-8'), ('VSCODE_SERVER_SHUTDOWN_TIMEOUT', '300'), ('LESSCLOSE', '/usr/bin/lesspipe %s %s'), ('LC_MEASUREMENT', 'en_US.UTF-8'), ('LC_IDENTIFICATION', 'en_US.UTF-8'), ('PWD', '/home/sunrise/robot/hobot_stereonet/ros2_h265_stereonet/build/ros2_h265_stereonet'), ('LC_ALL', 'en_US.UTF-8'), ('SSH_CONNECTION', '192.168.11.47 58104 192.168.11.165 22'), ('XDG_DATA_DIRS', '/usr/share/gnome:/usr/local/share:/usr/share:/var/lib/snapd/desktop'), ('PYTHONPATH', '/home/sunrise/livox_ws/install/livox_ros_driver2/local/lib/python3.10/dist-packages:/opt/ros/humble/lib/python3.10/site-packages:/opt/ros/humble/local/lib/python3.10/dist-packages'), ('LC_NUMERIC', 'en_US.UTF-8'), ('TZ', 'CST-08:00'), ('LC_PAPER', 'en_US.UTF-8'), ('COLCON', '1'), ('_ZO_DOCTOR', '0'), ('LD_HWCAP_MASK', '0x00000000'), ('CMAKE_PREFIX_PATH', '/home/sunrise/robot/hobot_stereonet/ros2_h265_stereonet/install/ros2_h265_stereonet:/home/sunrise/livox_ws/install/livox_ros_driver2:/opt/ros/humble')]), 'shell': False}
[0.028308] (ros2_h265_stereonet) StdoutLine: {'line': b'-- ros2_h265_stereonet build platform S100\n'}
[0.028797] (ros2_h265_stereonet) StdoutLine: {'line': b'-- Found ament_cmake: 1.3.12 (/opt/ros/humble/share/ament_cmake/cmake)\n'}
[0.099615] (-) TimerEvent: {}
[0.199849] (-) TimerEvent: {}
[0.227568] (ros2_h265_stereonet) StdoutLine: {'line': b'-- Found rclcpp: 16.0.17 (/opt/ros/humble/share/rclcpp/cmake)\n'}
[0.261249] (ros2_h265_stereonet) StdoutLine: {'line': b'-- Found rosidl_generator_c: 3.1.8 (/opt/ros/humble/share/rosidl_generator_c/cmake)\n'}
[0.264585] (ros2_h265_stereonet) StdoutLine: {'line': b'-- Found rosidl_adapter: 3.1.8 (/opt/ros/humble/share/rosidl_adapter/cmake)\n'}
[0.272673] (ros2_h265_stereonet) StdoutLine: {'line': b'-- Found rosidl_generator_cpp: 3.1.8 (/opt/ros/humble/share/rosidl_generator_cpp/cmake)\n'}
[0.285246] (ros2_h265_stereonet) StdoutLine: {'line': b'-- Using all available rosidl_typesupport_c: rosidl_typesupport_fastrtps_c;rosidl_typesupport_introspection_c\n'}
[0.299962] (-) TimerEvent: {}
[0.302917] (ros2_h265_stereonet) StdoutLine: {'line': b'-- Using all available rosidl_typesupport_cpp: rosidl_typesupport_fastrtps_cpp;rosidl_typesupport_introspection_cpp\n'}
[0.347283] (ros2_h265_stereonet) StdoutLine: {'line': b'-- Found rmw_implementation_cmake: 6.1.2 (/opt/ros/humble/share/rmw_implementation_cmake/cmake)\n'}
[0.349130] (ros2_h265_stereonet) StdoutLine: {'line': b'-- Found rmw_fastrtps_cpp: 6.2.9 (/opt/ros/humble/share/rmw_fastrtps_cpp/cmake)\n'}
[0.400078] (-) TimerEvent: {}
[0.454535] (ros2_h265_stereonet) StdoutLine: {'line': b"-- Using RMW implementation 'rmw_fastrtps_cpp' as default\n"}
[0.500193] (-) TimerEvent: {}
[0.521204] (ros2_h265_stereonet) StdoutLine: {'line': b'-- Found sensor_msgs: 4.9.0 (/opt/ros/humble/share/sensor_msgs/cmake)\n'}
[0.560341] (ros2_h265_stereonet) StdoutLine: {'line': b'-- Found foxglove_msgs: 3.2.4 (/opt/ros/humble/share/foxglove_msgs/cmake)\n'}
[0.597443] (ros2_h265_stereonet) StdoutLine: {'line': b'-- SYS_ROOT is \n'}
[0.597802] (ros2_h265_stereonet) StdoutLine: {'line': b'-- Preferred ROS distribution: humble\n'}
[0.600284] (-) TimerEvent: {}
[0.700519] (-) TimerEvent: {}
[0.700956] (ros2_h265_stereonet) StdoutLine: {'line': b'-- Configuring done\n'}
[0.727794] (ros2_h265_stereonet) StdoutLine: {'line': b'-- Generating done\n'}
[0.736494] (ros2_h265_stereonet) StdoutLine: {'line': b'-- Build files have been written to: /home/sunrise/robot/hobot_stereonet/ros2_h265_stereonet/build/ros2_h265_stereonet\n'}
[0.745755] (ros2_h265_stereonet) CommandEnded: {'returncode': 0}
[0.746727] (ros2_h265_stereonet) JobProgress: {'identifier': 'ros2_h265_stereonet', 'progress': 'build'}
[0.747820] (ros2_h265_stereonet) Command: {'cmd': ['/usr/bin/cmake', '--build', '/home/sunrise/robot/hobot_stereonet/ros2_h265_stereonet/build/ros2_h265_stereonet', '--', '-j6', '-l6'], 'cwd': '/home/sunrise/robot/hobot_stereonet/ros2_h265_stereonet/build/ros2_h265_stereonet', 'env': OrderedDict([('LESSOPEN', '| /usr/bin/lesspipe %s'), ('VSCODE_CWD', '/home/sunrise'), ('VSCODE_ESM_ENTRYPOINT', 'vs/workbench/api/node/extensionHostProcess'), ('USER', 'sunrise'), ('SSH_CLIENT', '192.168.11.47 58104 22'), ('LC_TIME', 'en_US.UTF-8'), ('VSCODE_NLS_CONFIG', '{"userLocale":"en","osLocale":"en","resolvedLanguage":"en","defaultMessagesFile":"/home/sunrise/.cursor-server/bin/linux-arm64/68fbec5aed9da587d1c6a64172792f505bafa250/out/nls.messages.json","locale":"en","availableLanguages":{}}'), ('CI', '1'), ('VSCODE_HANDLES_UNCAUGHT_ERRORS', 'true'), ('XDG_SESSION_TYPE', 'tty'), ('HOBOT_ROOTFS_DIR', '/usr/hobot'), ('SHLVL', '1'), ('LD_LIBRARY_PATH', '/home/sunrise/livox_ws/install/livox_sdk2/lib:/home/sunrise/livox_ws/install/livox_ros_driver2/lib:/opt/ros/humble/opt/rviz_ogre_vendor/lib:/opt/ros/humble/lib/aarch64-linux-gnu:/opt/ros/humble/lib:/usr/lib/aarch64-linux-gnu:/lib/aarch64-linux-gnu:/app/lib:/app/pub/lib:/middleware/lib:/middleware/pub/lib:/usr/lib/gstreamer'), ('BROWSER', '/home/sunrise/.cursor-server/bin/linux-arm64/68fbec5aed9da587d1c6a64172792f505bafa250/bin/helpers/browser.sh'), ('MOTD_SHOWN', 'pam'), ('HOME', '/home/sunrise'), ('OLDPWD', '/home/sunrise/robot/hobot_stereonet/ros2_h265_stereonet'), ('VSCODE_IPC_HOOK_CLI', '/run/user/1000/vscode-ipc-02e81f16-0390-42b2-9608-2064cb93a741.sock'), ('ROS_PYTHON_VERSION', '3'), ('LC_MONETARY', 'en_US.UTF-8'), ('NO_COLOR', '1'), ('DBUS_SESSION_BUS_ADDRESS', 'unix:path=/run/user/1000/bus'), ('VSCODE_L10N_BUNDLE_LOCATION', ''), ('COLCON_PREFIX_PATH', '/home/sunrise/robot/hobot_stereonet/ros2_h265_stereonet/install:/home/sunrise/livox_ws/install'), ('ROS_DISTRO', 'humble'), ('OVSX_REGISTRY_URL', 'https://open-vsx.org'), ('LOGNAME', 'sunrise'), ('FORCE_COLOR', '0'), ('VSCODE_HANDLES_SIGPIPE', 'true'), ('_', '/usr/bin/colcon'), ('ROS_VERSION', '2'), ('XDG_SESSION_CLASS', 'user'), ('TERM', 'dumb'), ('XDG_SESSION_ID', '21'), ('ROS_LOCALHOST_ONLY', '0'), ('PATH', '/home/sunrise/.local/bin:/home/sunrise/.cursor-server/bin/linux-arm64/68fbec5aed9da587d1c6a64172792f505bafa250/bin/remote-cli:/home/sunrise/.local/bin:/opt/ros/humble/bin:/home/sunrise/.cursor-server/bin/linux-arm64/68fbec5aed9da587d1c6a64172792f505bafa250/bin/remote-cli:/home/sunrise/.local/bin:/usr/sbin:/usr/bin:/sbin:/bin:/usr/hobot/bin:/app/bin:/middleware/bin:/var/busybox:/usr/local/sbin:/usr/local/bin:/usr/games:/usr/local/games:/snap/bin'), ('VSCODE_AGENT_FOLDER', '/home/sunrise/.cursor-server'), ('PAPERSIZE', 'a4'), ('LC_ADDRESS', 'en_US.UTF-8'), ('XDG_RUNTIME_DIR', '/run/user/1000'), ('CURSOR_AGENT', '1'), ('LANG', 'en_US.UTF-8'), ('LC_TELEPHONE', 'en_US.UTF-8'), ('LOGLEVEL', '5'), ('LS_COLORS', ''), ('AMENT_PREFIX_PATH', '/home/sunrise/robot/hobot_stereonet/ros2_h265_stereonet/install/ros2_h265_stereonet:/home/sunrise/livox_ws/install/livox_ros_driver2:/opt/ros/humble'), ('SHELL', '/bin/bash'), ('LC_NAME', 'en_US.UTF-8'), ('VSCODE_SERVER_SHUTDOWN_TIMEOUT', '300'), ('LESSCLOSE', '/usr/bin/lesspipe %s %s'), ('LC_MEASUREMENT', 'en_US.UTF-8'), ('LC_IDENTIFICATION', 'en_US.UTF-8'), ('PWD', '/home/sunrise/robot/hobot_stereonet/ros2_h265_stereonet/build/ros2_h265_stereonet'), ('LC_ALL', 'en_US.UTF-8'), ('SSH_CONNECTION', '192.168.11.47 58104 192.168.11.165 22'), ('XDG_DATA_DIRS', '/usr/share/gnome:/usr/local/share:/usr/share:/var/lib/snapd/desktop'), ('PYTHONPATH', '/home/sunrise/livox_ws/install/livox_ros_driver2/local/lib/python3.10/dist-packages:/opt/ros/humble/lib/python3.10/site-packages:/opt/ros/humble/local/lib/python3.10/dist-packages'), ('LC_NUMERIC', 'en_US.UTF-8'), ('TZ', 'CST-08:00'), ('LC_PAPER', 'en_US.UTF-8'), ('COLCON', '1'), ('_ZO_DOCTOR', '0'), ('LD_HWCAP_MASK', '0x00000000'), ('CMAKE_PREFIX_PATH', '/home/sunrise/robot/hobot_stereonet/ros2_h265_stereonet/install/ros2_h265_stereonet:/home/sunrise/livox_ws/install/livox_ros_driver2:/opt/ros/humble')]), 'shell': False}
[0.800638] (-) TimerEvent: {}
[0.862713] (ros2_h265_stereonet) StdoutLine: {'line': b'Consolidate compiler generated dependencies of target stereo_h265_node\n'}
[0.885154] (ros2_h265_stereonet) StdoutLine: {'line': b'[ 12%] Building CXX object CMakeFiles/stereo_h265_node.dir/src/stereo_h265_node.cpp.o\n'}
[0.900748] (-) TimerEvent: {}
[1.000999] (-) TimerEvent: {}
[1.101259] (-) TimerEvent: {}
[1.201514] (-) TimerEvent: {}
[1.301762] (-) TimerEvent: {}
[1.402008] (-) TimerEvent: {}
[1.502258] (-) TimerEvent: {}
[1.602516] (-) TimerEvent: {}
[1.702777] (-) TimerEvent: {}
[1.803052] (-) TimerEvent: {}
[1.903294] (-) TimerEvent: {}
[2.003668] (-) TimerEvent: {}
[2.103913] (-) TimerEvent: {}
[2.204169] (-) TimerEvent: {}
[2.304399] (-) TimerEvent: {}
[2.404630] (-) TimerEvent: {}
[2.504857] (-) TimerEvent: {}
[2.605104] (-) TimerEvent: {}
[2.705362] (-) TimerEvent: {}
[2.805628] (-) TimerEvent: {}
[2.905893] (-) TimerEvent: {}
[3.006150] (-) TimerEvent: {}
[3.106413] (-) TimerEvent: {}
[3.206660] (-) TimerEvent: {}
[3.306907] (-) TimerEvent: {}
[3.407169] (-) TimerEvent: {}
[3.507415] (-) TimerEvent: {}
[3.607666] (-) TimerEvent: {}
[3.707918] (-) TimerEvent: {}
[3.808167] (-) TimerEvent: {}
[3.908419] (-) TimerEvent: {}
[4.008673] (-) TimerEvent: {}
[4.108923] (-) TimerEvent: {}
[4.209178] (-) TimerEvent: {}
[4.309432] (-) TimerEvent: {}
[4.409686] (-) TimerEvent: {}
[4.509938] (-) TimerEvent: {}
[4.610189] (-) TimerEvent: {}
[4.710579] (-) TimerEvent: {}
[4.810836] (-) TimerEvent: {}
[4.911090] (-) TimerEvent: {}
[5.011341] (-) TimerEvent: {}
[5.111592] (-) TimerEvent: {}
[5.211838] (-) TimerEvent: {}
[5.312090] (-) TimerEvent: {}
[5.412336] (-) TimerEvent: {}
[5.512597] (-) TimerEvent: {}
[5.612868] (-) TimerEvent: {}
[5.713129] (-) TimerEvent: {}
[5.813391] (-) TimerEvent: {}
[5.913647] (-) TimerEvent: {}
[6.014053] (-) TimerEvent: {}
[6.114304] (-) TimerEvent: {}
[6.214565] (-) TimerEvent: {}
[6.314830] (-) TimerEvent: {}
[6.415096] (-) TimerEvent: {}
[6.515355] (-) TimerEvent: {}
[6.615609] (-) TimerEvent: {}
[6.715860] (-) TimerEvent: {}
[6.816128] (-) TimerEvent: {}
[6.916385] (-) TimerEvent: {}
[7.016646] (-) TimerEvent: {}
[7.116931] (-) TimerEvent: {}
[7.217315] (-) TimerEvent: {}
[7.317556] (-) TimerEvent: {}
[7.417808] (-) TimerEvent: {}
[7.518043] (-) TimerEvent: {}
[7.618272] (-) TimerEvent: {}
[7.711540] (ros2_h265_stereonet) StderrLine: {'line': b'In file included from /home/sunrise/robot/hobot_stereonet/ros2_h265_stereonet/../include/stereonet_process.h:23,\n'}
[7.711935] (ros2_h265_stereonet) StderrLine: {'line': b'                 from /home/sunrise/robot/hobot_stereonet/ros2_h265_stereonet/src/stereo_h265_node.cpp:29:\n'}
[7.712119] (ros2_h265_stereonet) StderrLine: {'line': b'/home/sunrise/robot/hobot_stereonet/ros2_h265_stereonet/../include/log_macros.h:20:61: note: \xe2\x80\x98#pragma message: Detected rclcpp.hpp \xe2\x86\x92 ROS2 logging enabled\xe2\x80\x99\n'}
[7.712262] (ros2_h265_stereonet) StderrLine: {'line': b'   20 | #pragma message("Detected rclcpp.hpp \xe2\x86\x92 ROS2 logging enabled")\n'}
[7.712387] (ros2_h265_stereonet) StderrLine: {'line': b'      |                                                             ^\n'}
[7.718394] (-) TimerEvent: {}
[7.818631] (-) TimerEvent: {}
[7.918849] (-) TimerEvent: {}
[8.019083] (-) TimerEvent: {}
[8.119313] (-) TimerEvent: {}
[8.219539] (-) TimerEvent: {}
[8.319770] (-) TimerEvent: {}
[8.420001] (-) TimerEvent: {}
[8.520241] (-) TimerEvent: {}
[8.620486] (-) TimerEvent: {}
[8.720741] (-) TimerEvent: {}
[8.820996] (-) TimerEvent: {}
[8.921250] (-) TimerEvent: {}
[9.021504] (-) TimerEvent: {}
[9.121750] (-) TimerEvent: {}
[9.222001] (-) TimerEvent: {}
[9.322252] (-) TimerEvent: {}
[9.422506] (-) TimerEvent: {}
[9.522778] (-) TimerEvent: {}
[9.623163] (-) TimerEvent: {}
[9.723671] (-) TimerEvent: {}
[9.823905] (-) TimerEvent: {}
[9.924147] (-) TimerEvent: {}
[10.024389] (-) TimerEvent: {}
[10.124627] (-) TimerEvent: {}
[10.224893] (-) TimerEvent: {}
[10.325146] (-) TimerEvent: {}
[10.425412] (-) TimerEvent: {}
[10.525665] (-) TimerEvent: {}
[10.625937] (-) TimerEvent: {}
[10.726186] (-) TimerEvent: {}
[10.826434] (-) TimerEvent: {}
[10.926689] (-) TimerEvent: {}
[11.026954] (-) TimerEvent: {}
[11.127240] (-) TimerEvent: {}
[11.227508] (-) TimerEvent: {}
[11.327762] (-) TimerEvent: {}
[11.428028] (-) TimerEvent: {}
[11.528284] (-) TimerEvent: {}
[11.628532] (-) TimerEvent: {}
[11.728779] (-) TimerEvent: {}
[11.829026] (-) TimerEvent: {}
[11.929280] (-) TimerEvent: {}
[12.029526] (-) TimerEvent: {}
[12.129921] (-) TimerEvent: {}
[12.230162] (-) TimerEvent: {}
[12.330408] (-) TimerEvent: {}
[12.430643] (-) TimerEvent: {}
[12.530894] (-) TimerEvent: {}
[12.631166] (-) TimerEvent: {}
[12.731394] (-) TimerEvent: {}
[12.831622] (-) TimerEvent: {}
[12.931859] (-) TimerEvent: {}
[13.032096] (-) TimerEvent: {}
[13.132341] (-) TimerEvent: {}
[13.232606] (-) TimerEvent: {}
[13.332856] (-) TimerEvent: {}
[13.433107] (-) TimerEvent: {}
[13.533357] (-) TimerEvent: {}
[13.633614] (-) TimerEvent: {}
[13.733867] (-) TimerEvent: {}
[13.834114] (-) TimerEvent: {}
[13.934365] (-) TimerEvent: {}
[14.034636] (-) TimerEvent: {}
[14.134889] (-) TimerEvent: {}
[14.235158] (-) TimerEvent: {}
[14.335415] (-) TimerEvent: {}
[14.435666] (-) TimerEvent: {}
[14.535913] (-) TimerEvent: {}
[14.636164] (-) TimerEvent: {}
[14.736419] (-) TimerEvent: {}
[14.836675] (-) TimerEvent: {}
[14.936929] (-) TimerEvent: {}
[15.037185] (-) TimerEvent: {}
[15.137436] (-) TimerEvent: {}
[15.237681] (-) TimerEvent: {}
[15.337920] (-) TimerEvent: {}
[15.438167] (-) TimerEvent: {}
[15.538407] (-) TimerEvent: {}
[15.638653] (-) TimerEvent: {}
[15.738888] (-) TimerEvent: {}
[15.839150] (-) TimerEvent: {}
[15.939400] (-) TimerEvent: {}
[16.039647] (-) TimerEvent: {}
[16.139915] (-) TimerEvent: {}
[16.240170] (-) TimerEvent: {}
[16.340424] (-) TimerEvent: {}
[16.440672] (-) TimerEvent: {}
[16.540943] (-) TimerEvent: {}
[16.641188] (-) TimerEvent: {}
[16.741437] (-) TimerEvent: {}
[16.841696] (-) TimerEvent: {}
[16.941952] (-) TimerEvent: {}
[17.042201] (-) TimerEvent: {}
[17.142452] (-) TimerEvent: {}
[17.242706] (-) TimerEvent: {}
[17.342946] (-) TimerEvent: {}
[17.443223] (-) TimerEvent: {}
[17.543467] (-) TimerEvent: {}
[17.643718] (-) TimerEvent: {}
[17.743967] (-) TimerEvent: {}
[17.844222] (-) TimerEvent: {}
[17.944469] (-) TimerEvent: {}
[18.044717] (-) TimerEvent: {}
[18.144957] (-) TimerEvent: {}
[18.245195] (-) TimerEvent: {}
[18.345433] (-) TimerEvent: {}
[18.445659] (-) TimerEvent: {}
[18.545906] (-) TimerEvent: {}
[18.646162] (-) TimerEvent: {}
[18.746420] (-) TimerEvent: {}
[18.846664] (-) TimerEvent: {}
[18.946912] (-) TimerEvent: {}
[19.047187] (-) TimerEvent: {}
[19.147436] (-) TimerEvent: {}
[19.247689] (-) TimerEvent: {}
[19.347943] (-) TimerEvent: {}
[19.448193] (-) TimerEvent: {}
[19.548455] (-) TimerEvent: {}
[19.648745] (-) TimerEvent: {}
[19.749019] (-) TimerEvent: {}
[19.849270] (-) TimerEvent: {}
[19.949518] (-) TimerEvent: {}
[20.049770] (-) TimerEvent: {}
[20.150017] (-) TimerEvent: {}
[20.250265] (-) TimerEvent: {}
[20.350512] (-) TimerEvent: {}
[20.450740] (-) TimerEvent: {}
[20.550972] (-) TimerEvent: {}
[20.651222] (-) TimerEvent: {}
[20.751455] (-) TimerEvent: {}
[20.851688] (-) TimerEvent: {}
[20.951921] (-) TimerEvent: {}
[21.052292] (-) TimerEvent: {}
[21.152521] (-) TimerEvent: {}
[21.252758] (-) TimerEvent: {}
[21.353000] (-) TimerEvent: {}
[21.453228] (-) TimerEvent: {}
[21.553455] (-) TimerEvent: {}
[21.653687] (-) TimerEvent: {}
[21.753920] (-) TimerEvent: {}
[21.854179] (-) TimerEvent: {}
[21.954433] (-) TimerEvent: {}
[22.054691] (-) TimerEvent: {}
[22.154969] (-) TimerEvent: {}
[22.255251] (-) TimerEvent: {}
[22.355506] (-) TimerEvent: {}
[22.455766] (-) TimerEvent: {}
[22.556020] (-) TimerEvent: {}
[22.656273] (-) TimerEvent: {}
[22.756548] (-) TimerEvent: {}
[22.856798] (-) TimerEvent: {}
[22.957053] (-) TimerEvent: {}
[23.057305] (-) TimerEvent: {}
[23.157547] (-) TimerEvent: {}
[23.257785] (-) TimerEvent: {}
[23.358045] (-) TimerEvent: {}
[23.458288] (-) TimerEvent: {}
[23.558519] (-) TimerEvent: {}
[23.658769] (-) TimerEvent: {}
[23.759054] (-) TimerEvent: {}
[23.859311] (-) TimerEvent: {}
[23.959566] (-) TimerEvent: {}
[24.059822] (-) TimerEvent: {}
[24.160073] (-) TimerEvent: {}
[24.260328] (-) TimerEvent: {}
[24.360581] (-) TimerEvent: {}
[24.460849] (-) TimerEvent: {}
[24.561090] (-) TimerEvent: {}
[24.661350] (-) TimerEvent: {}
[24.761599] (-) TimerEvent: {}
[24.861816] (-) TimerEvent: {}
[24.962066] (-) TimerEvent: {}
[25.062331] (-) TimerEvent: {}
[25.162581] (-) TimerEvent: {}
[25.262835] (-) TimerEvent: {}
[25.363092] (-) TimerEvent: {}
[25.463349] (-) TimerEvent: {}
[25.563611] (-) TimerEvent: {}
[25.663871] (-) TimerEvent: {}
[25.764132] (-) TimerEvent: {}
[25.864386] (-) TimerEvent: {}
[25.964661] (-) TimerEvent: {}
[26.064913] (-) TimerEvent: {}
[26.165175] (-) TimerEvent: {}
[26.265431] (-) TimerEvent: {}
[26.365843] (-) TimerEvent: {}
[26.466096] (-) TimerEvent: {}
[26.566358] (-) TimerEvent: {}
[26.666613] (-) TimerEvent: {}
[26.766868] (-) TimerEvent: {}
[26.867125] (-) TimerEvent: {}
[26.967383] (-) TimerEvent: {}
[27.067627] (-) TimerEvent: {}
[27.167870] (-) TimerEvent: {}
[27.268119] (-) TimerEvent: {}
[27.368368] (-) TimerEvent: {}
[27.468613] (-) TimerEvent: {}
[27.568861] (-) TimerEvent: {}
[27.669113] (-) TimerEvent: {}
[27.769359] (-) TimerEvent: {}
[27.869607] (-) TimerEvent: {}
[27.969851] (-) TimerEvent: {}
[28.070098] (-) TimerEvent: {}
[28.170350] (-) TimerEvent: {}
[28.270594] (-) TimerEvent: {}
[28.370838] (-) TimerEvent: {}
[28.471088] (-) TimerEvent: {}
[28.571333] (-) TimerEvent: {}
[28.671586] (-) TimerEvent: {}
[28.771833] (-) TimerEvent: {}
[28.872085] (-) TimerEvent: {}
[28.972331] (-) TimerEvent: {}
[29.072580] (-) TimerEvent: {}
[29.172828] (-) TimerEvent: {}
[29.273070] (-) TimerEvent: {}
[29.373301] (-) TimerEvent: {}
[29.473544] (-) TimerEvent: {}
[29.573797] (-) TimerEvent: {}
[29.674050] (-) TimerEvent: {}
[29.774301] (-) TimerEvent: {}
[29.874551] (-) TimerEvent: {}
[29.974809] (-) TimerEvent: {}
[30.075067] (-) TimerEvent: {}
[30.175316] (-) TimerEvent: {}
[30.275571] (-) TimerEvent: {}
[30.375824] (-) TimerEvent: {}
[30.476077] (-) TimerEvent: {}
[30.576342] (-) TimerEvent: {}
[30.676592] (-) TimerEvent: {}
[30.776844] (-) TimerEvent: {}
[30.877095] (-) TimerEvent: {}
[30.977490] (-) TimerEvent: {}
[31.077739] (-) TimerEvent: {}
[31.177992] (-) TimerEvent: {}
[31.278241] (-) TimerEvent: {}
[31.378488] (-) TimerEvent: {}
[31.478738] (-) TimerEvent: {}
[31.578986] (-) TimerEvent: {}
[31.679265] (-) TimerEvent: {}
[31.779513] (-) TimerEvent: {}
[31.879773] (-) TimerEvent: {}
[31.980023] (-) TimerEvent: {}
[32.080276] (-) TimerEvent: {}
[32.180535] (-) TimerEvent: {}
[32.280788] (-) TimerEvent: {}
[32.381045] (-) TimerEvent: {}
[32.481298] (-) TimerEvent: {}
[32.581551] (-) TimerEvent: {}
[32.681807] (-) TimerEvent: {}
[32.782078] (-) TimerEvent: {}
[32.862400] (ros2_h265_stereonet) StdoutLine: {'line': b'[ 25%] Linking CXX executable stereo_h265_node\n'}
[32.882195] (-) TimerEvent: {}
[32.982452] (-) TimerEvent: {}
[33.082733] (-) TimerEvent: {}
[33.182999] (-) TimerEvent: {}
[33.283287] (-) TimerEvent: {}
[33.383537] (-) TimerEvent: {}
[33.483804] (-) TimerEvent: {}
[33.584064] (-) TimerEvent: {}
[33.629322] (ros2_h265_stereonet) StdoutLine: {'line': b'[100%] Built target stereo_h265_node\n'}
[33.640684] (ros2_h265_stereonet) CommandEnded: {'returncode': 0}
[33.641686] (ros2_h265_stereonet) JobProgress: {'identifier': 'ros2_h265_stereonet', 'progress': 'install'}
[33.650998] (ros2_h265_stereonet) Command: {'cmd': ['/usr/bin/cmake', '--install', '/home/sunrise/robot/hobot_stereonet/ros2_h265_stereonet/build/ros2_h265_stereonet'], 'cwd': '/home/sunrise/robot/hobot_stereonet/ros2_h265_stereonet/build/ros2_h265_stereonet', 'env': OrderedDict([('LESSOPEN', '| /usr/bin/lesspipe %s'), ('VSCODE_CWD', '/home/sunrise'), ('VSCODE_ESM_ENTRYPOINT', 'vs/workbench/api/node/extensionHostProcess'), ('USER', 'sunrise'), ('SSH_CLIENT', '192.168.11.47 58104 22'), ('LC_TIME', 'en_US.UTF-8'), ('VSCODE_NLS_CONFIG', '{"userLocale":"en","osLocale":"en","resolvedLanguage":"en","defaultMessagesFile":"/home/sunrise/.cursor-server/bin/linux-arm64/68fbec5aed9da587d1c6a64172792f505bafa250/out/nls.messages.json","locale":"en","availableLanguages":{}}'), ('CI', '1'), ('VSCODE_HANDLES_UNCAUGHT_ERRORS', 'true'), ('XDG_SESSION_TYPE', 'tty'), ('HOBOT_ROOTFS_DIR', '/usr/hobot'), ('SHLVL', '1'), ('LD_LIBRARY_PATH', '/home/sunrise/livox_ws/install/livox_sdk2/lib:/home/sunrise/livox_ws/install/livox_ros_driver2/lib:/opt/ros/humble/opt/rviz_ogre_vendor/lib:/opt/ros/humble/lib/aarch64-linux-gnu:/opt/ros/humble/lib:/usr/lib/aarch64-linux-gnu:/lib/aarch64-linux-gnu:/app/lib:/app/pub/lib:/middleware/lib:/middleware/pub/lib:/usr/lib/gstreamer'), ('BROWSER', '/home/sunrise/.cursor-server/bin/linux-arm64/68fbec5aed9da587d1c6a64172792f505bafa250/bin/helpers/browser.sh'), ('MOTD_SHOWN', 'pam'), ('HOME', '/home/sunrise'), ('OLDPWD', '/home/sunrise/robot/hobot_stereonet/ros2_h265_stereonet'), ('VSCODE_IPC_HOOK_CLI', '/run/user/1000/vscode-ipc-02e81f16-0390-42b2-9608-2064cb93a741.sock'), ('ROS_PYTHON_VERSION', '3'), ('LC_MONETARY', 'en_US.UTF-8'), ('NO_COLOR', '1'), ('DBUS_SESSION_BUS_ADDRESS', 'unix:path=/run/user/1000/bus'), ('VSCODE_L10N_BUNDLE_LOCATION', ''), ('COLCON_PREFIX_PATH', '/home/sunrise/robot/hobot_stereonet/ros2_h265_stereonet/install:/home/sunrise/livox_ws/install'), ('ROS_DISTRO', 'humble'), ('OVSX_REGISTRY_URL', 'https://open-vsx.org'), ('LOGNAME', 'sunrise'), ('FORCE_COLOR', '0'), ('VSCODE_HANDLES_SIGPIPE', 'true'), ('_', '/usr/bin/colcon'), ('ROS_VERSION', '2'), ('XDG_SESSION_CLASS', 'user'), ('TERM', 'dumb'), ('XDG_SESSION_ID', '21'), ('ROS_LOCALHOST_ONLY', '0'), ('PATH', '/home/sunrise/.local/bin:/home/sunrise/.cursor-server/bin/linux-arm64/68fbec5aed9da587d1c6a64172792f505bafa250/bin/remote-cli:/home/sunrise/.local/bin:/opt/ros/humble/bin:/home/sunrise/.cursor-server/bin/linux-arm64/68fbec5aed9da587d1c6a64172792f505bafa250/bin/remote-cli:/home/sunrise/.local/bin:/usr/sbin:/usr/bin:/sbin:/bin:/usr/hobot/bin:/app/bin:/middleware/bin:/var/busybox:/usr/local/sbin:/usr/local/bin:/usr/games:/usr/local/games:/snap/bin'), ('VSCODE_AGENT_FOLDER', '/home/sunrise/.cursor-server'), ('PAPERSIZE', 'a4'), ('LC_ADDRESS', 'en_US.UTF-8'), ('XDG_RUNTIME_DIR', '/run/user/1000'), ('CURSOR_AGENT', '1'), ('LANG', 'en_US.UTF-8'), ('LC_TELEPHONE', 'en_US.UTF-8'), ('LOGLEVEL', '5'), ('LS_COLORS', ''), ('AMENT_PREFIX_PATH', '/home/sunrise/robot/hobot_stereonet/ros2_h265_stereonet/install/ros2_h265_stereonet:/home/sunrise/livox_ws/install/livox_ros_driver2:/opt/ros/humble'), ('SHELL', '/bin/bash'), ('LC_NAME', 'en_US.UTF-8'), ('VSCODE_SERVER_SHUTDOWN_TIMEOUT', '300'), ('LESSCLOSE', '/usr/bin/lesspipe %s %s'), ('LC_MEASUREMENT', 'en_US.UTF-8'), ('LC_IDENTIFICATION', 'en_US.UTF-8'), ('PWD', '/home/sunrise/robot/hobot_stereonet/ros2_h265_stereonet/build/ros2_h265_stereonet'), ('LC_ALL', 'en_US.UTF-8'), ('SSH_CONNECTION', '192.168.11.47 58104 192.168.11.165 22'), ('XDG_DATA_DIRS', '/usr/share/gnome:/usr/local/share:/usr/share:/var/lib/snapd/desktop'), ('PYTHONPATH', '/home/sunrise/livox_ws/install/livox_ros_driver2/local/lib/python3.10/dist-packages:/opt/ros/humble/lib/python3.10/site-packages:/opt/ros/humble/local/lib/python3.10/dist-packages'), ('LC_NUMERIC', 'en_US.UTF-8'), ('TZ', 'CST-08:00'), ('LC_PAPER', 'en_US.UTF-8'), ('COLCON', '1'), ('_ZO_DOCTOR', '0'), ('LD_HWCAP_MASK', '0x00000000'), ('CMAKE_PREFIX_PATH', '/home/sunrise/robot/hobot_stereonet/ros2_h265_stereonet/install/ros2_h265_stereonet:/home/sunrise/livox_ws/install/livox_ros_driver2:/opt/ros/humble')]), 'shell': False}
[33.660376] (ros2_h265_stereonet) StdoutLine: {'line': b'-- Install configuration: "Release"\n'}
[33.660926] (ros2_h265_stereonet) StdoutLine: {'line': b'-- Installing: /home/sunrise/robot/hobot_stereonet/ros2_h265_stereonet/install/ros2_h265_stereonet/lib/ros2_h265_stereonet/stereo_h265_node\n'}
[33.662855] (ros2_h265_stereonet) StdoutLine: {'line': b'-- Set runtime path of "/home/sunrise/robot/hobot_stereonet/ros2_h265_stereonet/install/ros2_h265_stereonet/lib/ros2_h265_stereonet/stereo_h265_node" to ""\n'}
[33.663290] (ros2_h265_stereonet) StdoutLine: {'line': b'-- Up-to-date: /home/sunrise/robot/hobot_stereonet/ros2_h265_stereonet/install/ros2_h265_stereonet/share/ros2_h265_stereonet/launch\n'}
[33.663700] (ros2_h265_stereonet) StdoutLine: {'line': b'-- Up-to-date: /home/sunrise/robot/hobot_stereonet/ros2_h265_stereonet/install/ros2_h265_stereonet/share/ros2_h265_stereonet/launch/stereo_h265.launch.py\n'}
[33.663982] (ros2_h265_stereonet) StdoutLine: {'line': b'-- Up-to-date: /home/sunrise/robot/hobot_stereonet/ros2_h265_stereonet/install/ros2_h265_stereonet/share/ros2_h265_stereonet/config\n'}
[33.664285] (ros2_h265_stereonet) StdoutLine: {'line': b'-- Up-to-date: /home/sunrise/robot/hobot_stereonet/ros2_h265_stereonet/install/ros2_h265_stereonet/share/ros2_h265_stereonet/config/vita_calib.yaml\n'}
[33.664438] (ros2_h265_stereonet) StdoutLine: {'line': b'-- Up-to-date: /home/sunrise/robot/hobot_stereonet/ros2_h265_stereonet/install/ros2_h265_stereonet/share/ros2_h265_stereonet/config/stereo_h265_params.yaml\n'}
[33.664674] (ros2_h265_stereonet) StdoutLine: {'line': b'-- Up-to-date: /home/sunrise/robot/hobot_stereonet/ros2_h265_stereonet/install/ros2_h265_stereonet/share/ament_index/resource_index/package_run_dependencies/ros2_h265_stereonet\n'}
[33.664974] (ros2_h265_stereonet) StdoutLine: {'line': b'-- Installing: /home/sunrise/robot/hobot_stereonet/ros2_h265_stereonet/install/ros2_h265_stereonet/share/ament_index/resource_index/parent_prefix_path/ros2_h265_stereonet\n'}
[33.665193] (ros2_h265_stereonet) StdoutLine: {'line': b'-- Up-to-date: /home/sunrise/robot/hobot_stereonet/ros2_h265_stereonet/install/ros2_h265_stereonet/share/ros2_h265_stereonet/environment/ament_prefix_path.sh\n'}
[33.665329] (ros2_h265_stereonet) StdoutLine: {'line': b'-- Installing: /home/sunrise/robot/hobot_stereonet/ros2_h265_stereonet/install/ros2_h265_stereonet/share/ros2_h265_stereonet/environment/ament_prefix_path.dsv\n'}
[33.665450] (ros2_h265_stereonet) StdoutLine: {'line': b'-- Up-to-date: /home/sunrise/robot/hobot_stereonet/ros2_h265_stereonet/install/ros2_h265_stereonet/share/ros2_h265_stereonet/environment/path.sh\n'}
[33.665566] (ros2_h265_stereonet) StdoutLine: {'line': b'-- Installing: /home/sunrise/robot/hobot_stereonet/ros2_h265_stereonet/install/ros2_h265_stereonet/share/ros2_h265_stereonet/environment/path.dsv\n'}
[33.665683] (ros2_h265_stereonet) StdoutLine: {'line': b'-- Up-to-date: /home/sunrise/robot/hobot_stereonet/ros2_h265_stereonet/install/ros2_h265_stereonet/share/ros2_h265_stereonet/local_setup.bash\n'}
[33.666515] (ros2_h265_stereonet) StdoutLine: {'line': b'-- Up-to-date: /home/sunrise/robot/hobot_stereonet/ros2_h265_stereonet/install/ros2_h265_stereonet/share/ros2_h265_stereonet/local_setup.sh\n'}
[33.666956] (ros2_h265_stereonet) StdoutLine: {'line': b'-- Up-to-date: /home/sunrise/robot/hobot_stereonet/ros2_h265_stereonet/install/ros2_h265_stereonet/share/ros2_h265_stereonet/local_setup.zsh\n'}
[33.667299] (ros2_h265_stereonet) StdoutLine: {'line': b'-- Installing: /home/sunrise/robot/hobot_stereonet/ros2_h265_stereonet/install/ros2_h265_stereonet/share/ros2_h265_stereonet/local_setup.dsv\n'}
[33.668128] (ros2_h265_stereonet) StdoutLine: {'line': b'-- Installing: /home/sunrise/robot/hobot_stereonet/ros2_h265_stereonet/install/ros2_h265_stereonet/share/ros2_h265_stereonet/package.dsv\n'}
[33.668458] (ros2_h265_stereonet) StdoutLine: {'line': b'-- Up-to-date: /home/sunrise/robot/hobot_stereonet/ros2_h265_stereonet/install/ros2_h265_stereonet/share/ament_index/resource_index/packages/ros2_h265_stereonet\n'}
[33.668837] (ros2_h265_stereonet) StdoutLine: {'line': b'-- Up-to-date: /home/sunrise/robot/hobot_stereonet/ros2_h265_stereonet/install/ros2_h265_stereonet/share/ros2_h265_stereonet/cmake/ros2_h265_stereonetConfig.cmake\n'}
[33.669136] (ros2_h265_stereonet) StdoutLine: {'line': b'-- Up-to-date: /home/sunrise/robot/hobot_stereonet/ros2_h265_stereonet/install/ros2_h265_stereonet/share/ros2_h265_stereonet/cmake/ros2_h265_stereonetConfig-version.cmake\n'}
[33.669478] (ros2_h265_stereonet) StdoutLine: {'line': b'-- Up-to-date: /home/sunrise/robot/hobot_stereonet/ros2_h265_stereonet/install/ros2_h265_stereonet/share/ros2_h265_stereonet/package.xml\n'}
[33.669822] (ros2_h265_stereonet) CommandEnded: {'returncode': 0}
[33.684165] (-) TimerEvent: {}
[33.699910] (ros2_h265_stereonet) JobEnded: {'identifier': 'ros2_h265_stereonet', 'rc': 0}
[33.701121] (-) EventReactorShutdown: {}
